Archive member included to satisfy reference by file (symbol)

c:/st/stm32cubeide_1.12.0/stm32cubeide/plugins/com.st.stm32cube.ide.mcu.externaltools.gnu-tools-for-stm32.10.3-2021.10.win32_1.0.200.202301161003/tools/bin/../lib/gcc/arm-none-eabi/10.3.1/../../../../arm-none-eabi/lib/thumb/v7-m/nofp\libc.a(lib_a-errno.o)
                              ./Core/Src/syscalls.o (__errno)
c:/st/stm32cubeide_1.12.0/stm32cubeide/plugins/com.st.stm32cube.ide.mcu.externaltools.gnu-tools-for-stm32.10.3-2021.10.win32_1.0.200.202301161003/tools/bin/../lib/gcc/arm-none-eabi/10.3.1/../../../../arm-none-eabi/lib/thumb/v7-m/nofp\libc.a(lib_a-exit.o)
                              c:/st/stm32cubeide_1.12.0/stm32cubeide/plugins/com.st.stm32cube.ide.mcu.externaltools.gnu-tools-for-stm32.10.3-2021.10.win32_1.0.200.202301161003/tools/bin/../lib/gcc/arm-none-eabi/10.3.1/../../../../arm-none-eabi/lib/thumb/v7-m/nofp/crt0.o (exit)
c:/st/stm32cubeide_1.12.0/stm32cubeide/plugins/com.st.stm32cube.ide.mcu.externaltools.gnu-tools-for-stm32.10.3-2021.10.win32_1.0.200.202301161003/tools/bin/../lib/gcc/arm-none-eabi/10.3.1/../../../../arm-none-eabi/lib/thumb/v7-m/nofp\libc.a(lib_a-impure.o)
                              c:/st/stm32cubeide_1.12.0/stm32cubeide/plugins/com.st.stm32cube.ide.mcu.externaltools.gnu-tools-for-stm32.10.3-2021.10.win32_1.0.200.202301161003/tools/bin/../lib/gcc/arm-none-eabi/10.3.1/../../../../arm-none-eabi/lib/thumb/v7-m/nofp\libc.a(lib_a-exit.o) (_global_impure_ptr)
c:/st/stm32cubeide_1.12.0/stm32cubeide/plugins/com.st.stm32cube.ide.mcu.externaltools.gnu-tools-for-stm32.10.3-2021.10.win32_1.0.200.202301161003/tools/bin/../lib/gcc/arm-none-eabi/10.3.1/../../../../arm-none-eabi/lib/thumb/v7-m/nofp\libc.a(lib_a-init.o)
                              c:/st/stm32cubeide_1.12.0/stm32cubeide/plugins/com.st.stm32cube.ide.mcu.externaltools.gnu-tools-for-stm32.10.3-2021.10.win32_1.0.200.202301161003/tools/bin/../lib/gcc/arm-none-eabi/10.3.1/../../../../arm-none-eabi/lib/thumb/v7-m/nofp/crt0.o (__libc_init_array)
c:/st/stm32cubeide_1.12.0/stm32cubeide/plugins/com.st.stm32cube.ide.mcu.externaltools.gnu-tools-for-stm32.10.3-2021.10.win32_1.0.200.202301161003/tools/bin/../lib/gcc/arm-none-eabi/10.3.1/../../../../arm-none-eabi/lib/thumb/v7-m/nofp\libc.a(lib_a-itoa.o)
                              ./Core/Src/MS5637.o (itoa)
c:/st/stm32cubeide_1.12.0/stm32cubeide/plugins/com.st.stm32cube.ide.mcu.externaltools.gnu-tools-for-stm32.10.3-2021.10.win32_1.0.200.202301161003/tools/bin/../lib/gcc/arm-none-eabi/10.3.1/../../../../arm-none-eabi/lib/thumb/v7-m/nofp\libc.a(lib_a-memcpy-stub.o)
                              ./Core/Src/MS5637.o (memcpy)
c:/st/stm32cubeide_1.12.0/stm32cubeide/plugins/com.st.stm32cube.ide.mcu.externaltools.gnu-tools-for-stm32.10.3-2021.10.win32_1.0.200.202301161003/tools/bin/../lib/gcc/arm-none-eabi/10.3.1/../../../../arm-none-eabi/lib/thumb/v7-m/nofp\libc.a(lib_a-memmove.o)
                              ./Core/Src/ssd1306_tests.o (memmove)
c:/st/stm32cubeide_1.12.0/stm32cubeide/plugins/com.st.stm32cube.ide.mcu.externaltools.gnu-tools-for-stm32.10.3-2021.10.win32_1.0.200.202301161003/tools/bin/../lib/gcc/arm-none-eabi/10.3.1/../../../../arm-none-eabi/lib/thumb/v7-m/nofp\libc.a(lib_a-memset.o)
                              c:/st/stm32cubeide_1.12.0/stm32cubeide/plugins/com.st.stm32cube.ide.mcu.externaltools.gnu-tools-for-stm32.10.3-2021.10.win32_1.0.200.202301161003/tools/bin/../lib/gcc/arm-none-eabi/10.3.1/../../../../arm-none-eabi/lib/thumb/v7-m/nofp/crt0.o (memset)
c:/st/stm32cubeide_1.12.0/stm32cubeide/plugins/com.st.stm32cube.ide.mcu.externaltools.gnu-tools-for-stm32.10.3-2021.10.win32_1.0.200.202301161003/tools/bin/../lib/gcc/arm-none-eabi/10.3.1/../../../../arm-none-eabi/lib/thumb/v7-m/nofp\libc.a(lib_a-snprintf.o)
                              ./Core/Src/ssd1306_tests.o (snprintf)
c:/st/stm32cubeide_1.12.0/stm32cubeide/plugins/com.st.stm32cube.ide.mcu.externaltools.gnu-tools-for-stm32.10.3-2021.10.win32_1.0.200.202301161003/tools/bin/../lib/gcc/arm-none-eabi/10.3.1/../../../../arm-none-eabi/lib/thumb/v7-m/nofp\libc.a(lib_a-svfprintf.o)
                              c:/st/stm32cubeide_1.12.0/stm32cubeide/plugins/com.st.stm32cube.ide.mcu.externaltools.gnu-tools-for-stm32.10.3-2021.10.win32_1.0.200.202301161003/tools/bin/../lib/gcc/arm-none-eabi/10.3.1/../../../../arm-none-eabi/lib/thumb/v7-m/nofp\libc.a(lib_a-snprintf.o) (_svfprintf_r)
c:/st/stm32cubeide_1.12.0/stm32cubeide/plugins/com.st.stm32cube.ide.mcu.externaltools.gnu-tools-for-stm32.10.3-2021.10.win32_1.0.200.202301161003/tools/bin/../lib/gcc/arm-none-eabi/10.3.1/../../../../arm-none-eabi/lib/thumb/v7-m/nofp\libc.a(lib_a-utoa.o)
                              c:/st/stm32cubeide_1.12.0/stm32cubeide/plugins/com.st.stm32cube.ide.mcu.externaltools.gnu-tools-for-stm32.10.3-2021.10.win32_1.0.200.202301161003/tools/bin/../lib/gcc/arm-none-eabi/10.3.1/../../../../arm-none-eabi/lib/thumb/v7-m/nofp\libc.a(lib_a-itoa.o) (__utoa)
[...]
Memory Configuration

Name             Origin             Length             Attributes
RAM              0x0000000020000000 0x0000000000005000 xrw
FLASH            0x0000000008000000 0x0000000000010000 xr
*default*        0x0000000000000000 0xffffffffffffffff

Linker script and memory map

LOAD c:/st/stm32cubeide_1.12.0/stm32cubeide/plugins/com.st.stm32cube.ide.mcu.externaltools.gnu-tools-for-stm32.10.3-2021.10.win32_1.0.200.202301161003/tools/bin/../lib/gcc/arm-none-eabi/10.3.1/thumb/v7-m/nofp/crti.o
LOAD c:/st/stm32cubeide_1.12.0/stm32cubeide/plugins/com.st.stm32cube.ide.mcu.externaltools.gnu-tools-for-stm32.10.3-2021.10.win32_1.0.200.202301161003/tools/bin/../lib/gcc/arm-none-eabi/10.3.1/thumb/v7-m/nofp/crtbegin.o
LOAD c:/st/stm32cubeide_1.12.0/stm32cubeide/plugins/com.st.stm32cube.ide.mcu.externaltools.gnu-tools-for-stm32.10.3-2021.10.win32_1.0.200.202301161003/tools/bin/../lib/gcc/arm-none-eabi/10.3.1/../../../../arm-none-eabi/lib/thumb/v7-m/nofp/crt0.o
LOAD ./Core/Src/MS5637.o
LOAD ./Core/Src/calibrate.o
LOAD ./Core/Src/custom_UI.o
LOAD ./Core/Src/main.o
LOAD ./Core/Src/ssd1306.o
LOAD ./Core/Src/ssd1306_fonts.o
LOAD ./Core/Src/ssd1306_tests.o
LOAD ./Core/Src/stm32f1xx_hal_msp.o
LOAD ./Core/Src/stm32f1xx_it.o
LOAD ./Core/Src/syscalls.o
LOAD ./Core/Src/sysmem.o
LOAD ./Core/Src/system_stm32f1xx.o
LOAD ./Core/Startup/startup_stm32f103c8tx.o
LOAD ./Drivers/STM32F1xx_HAL_Driver/Src/stm32f1xx_hal.o
LOAD ./Drivers/STM32F1xx_HAL_Driver/Src/stm32f1xx_hal_cortex.o
LOAD ./Drivers/STM32F1xx_HAL_Driver/Src/stm32f1xx_hal_dma.o
LOAD ./Drivers/STM32F1xx_HAL_Driver/Src/stm32f1xx_hal_exti.o
LOAD ./Drivers/STM32F1xx_HAL_Driver/Src/stm32f1xx_hal_flash.o
LOAD ./Drivers/STM32F1xx_HAL_Driver/Src/stm32f1xx_hal_flash_ex.o
LOAD ./Drivers/STM32F1xx_HAL_Driver/Src/stm32f1xx_hal_gpio.o
LOAD ./Drivers/STM32F1xx_HAL_Driver/Src/stm32f1xx_hal_gpio_ex.o
LOAD ./Drivers/STM32F1xx_HAL_Driver/Src/stm32f1xx_hal_i2c.o
LOAD ./Drivers/STM32F1xx_HAL_Driver/Src/stm32f1xx_hal_pcd.o
LOAD ./Drivers/STM32F1xx_HAL_Driver/Src/stm32f1xx_hal_pcd_ex.o
LOAD ./Drivers/STM32F1xx_HAL_Driver/Src/stm32f1xx_hal_pwr.o
LOAD ./Drivers/STM32F1xx_HAL_Driver/Src/stm32f1xx_hal_rcc.o
LOAD ./Drivers/STM32F1xx_HAL_Driver/Src/stm32f1xx_hal_rcc_ex.o
LOAD ./Drivers/STM32F1xx_HAL_Driver/Src/stm32f1xx_hal_tim.o
LOAD ./Drivers/STM32F1xx_HAL_Driver/Src/stm32f1xx_hal_tim_ex.o
LOAD ./Drivers/STM32F1xx_HAL_Driver/Src/stm32f1xx_hal_uart.o
LOAD ./Drivers/STM32F1xx_HAL_Driver/Src/stm32f1xx_ll_usb.o
LOAD ./Middlewares/ST/STM32_USB_Device_Library/Class/CDC/Src/usbd_cdc.o
LOAD ./Middlewares/ST/STM32_USB_Device_Library/Core/Src/usbd_core.o
LOAD ./Middlewares/ST/STM32_USB_Device_Library/Core/Src/usbd_ctlreq.o
LOAD ./Middlewares/ST/STM32_USB_Device_Library/Core/Src/usbd_ioreq.o
LOAD ./USB_DEVICE/App/usb_device.o
LOAD ./USB_DEVICE/App/usbd_cdc_if.o
LOAD ./USB_DEVICE/App/usbd_desc.o
LOAD ./USB_DEVICE/Target/usbd_conf.o
START GROUP
LOAD c:/st/stm32cubeide_1.12.0/stm32cubeide/plugins/com.st.stm32cube.ide.mcu.externaltools.gnu-tools-for-stm32.10.3-2021.10.win32_1.0.200.202301161003/tools/bin/../lib/gcc/arm-none-eabi/10.3.1/../../../../arm-none-eabi/lib/thumb/v7-m/nofp\libc.a
LOAD c:/st/stm32cubeide_1.12.0/stm32cubeide/plugins/com.st.stm32cube.ide.mcu.externaltools.gnu-tools-for-stm32.10.3-2021.10.win32_1.0.200.202301161003/tools/bin/../lib/gcc/arm-none-eabi/10.3.1/../../../../arm-none-eabi/lib/thumb/v7-m/nofp\libm.a
END GROUP
START GROUP
LOAD c:/st/stm32cubeide_1.12.0/stm32cubeide/plugins/com.st.stm32cube.ide.mcu.externaltools.gnu-tools-for-stm32.10.3-2021.10.win32_1.0.200.202301161003/tools/bin/../lib/gcc/arm-none-eabi/10.3.1/thumb/v7-m/nofp\libgcc.a
LOAD c:/st/stm32cubeide_1.12.0/stm32cubeide/plugins/com.st.stm32cube.ide.mcu.externaltools.gnu-tools-for-stm32.10.3-2021.10.win32_1.0.200.202301161003/tools/bin/../lib/gcc/arm-none-eabi/10.3.1/../../../../arm-none-eabi/lib/thumb/v7-m/nofp\libc.a
END GROUP
START GROUP
LOAD c:/st/stm32cubeide_1.12.0/stm32cubeide/plugins/com.st.stm32cube.ide.mcu.externaltools.gnu-tools-for-stm32.10.3-2021.10.win32_1.0.200.202301161003/tools/bin/../lib/gcc/arm-none-eabi/10.3.1/thumb/v7-m/nofp\libgcc.a
LOAD c:/st/stm32cubeide_1.12.0/stm32cubeide/plugins/com.st.stm32cube.ide.mcu.externaltools.gnu-tools-for-stm32.10.3-2021.10.win32_1.0.200.202301161003/tools/bin/../lib/gcc/arm-none-eabi/10.3.1/../../../../arm-none-eabi/lib/thumb/v7-m/nofp\libc.a
LOAD c:/st/stm32cubeide_1.12.0/stm32cubeide/plugins/com.st.stm32cube.ide.mcu.externaltools.gnu-tools-for-stm32.10.3-2021.10.win32_1.0.200.202301161003/tools/bin/../lib/gcc/arm-none-eabi/10.3.1/../../../../arm-none-eabi/lib/thumb/v7-m/nofp\libnosys.a
END GROUP
LOAD c:/st/stm32cubeide_1.12.0/stm32cubeide/plugins/com.st.stm32cube.ide.mcu.externaltools.gnu-tools-for-stm32.10.3-2021.10.win32_1.0.200.202301161003/tools/bin/../lib/gcc/arm-none-eabi/10.3.1/thumb/v7-m/nofp/crtend.o
LOAD c:/st/stm32cubeide_1.12.0/stm32cubeide/plugins/com.st.stm32cube.ide.mcu.externaltools.gnu-tools-for-stm32.10.3-2021.10.win32_1.0.200.202301161003/tools/bin/../lib/gcc/arm-none-eabi/10.3.1/thumb/v7-m/nofp/crtn.o
                0x0000000020005000                _estack = (ORIGIN (RAM) + LENGTH (RAM))
                0x0000000000000200                _Min_Heap_Size = 0x200
                0x0000000000000400                _Min_Stack_Size = 0x400

.isr_vector     0x0000000008000000      0x10c
                0x0000000008000000                . = ALIGN (0x4)
 *(.isr_vector)
 .isr_vector    0x0000000008000000      0x10c ./Core/Startup/startup_stm32f103c8tx.o
                0x0000000008000000                g_pfnVectors
                0x000000000800010c                . = ALIGN (0x4)

.text           0x000000000800010c     0xb434
                0x000000000800010c                . = ALIGN (0x4)
 *(.text)
 .text          0x000000000800010c       0x40 c:/st/stm32cubeide_1.12.0/stm32cubeide/plugins/com.st.stm32cube.ide.mcu.externaltools.gnu-tools-for-stm32.10.3-2021.10.win32_1.0.200.202301161003/tools/bin/../lib/gcc/arm-none-eabi/10.3.1/thumb/v7-m/nofp/crtbegin.o
 *(.text*)
 .text.MS5637_RESET
                0x000000000800014c       0x48 ./Core/Src/MS5637.o
                0x000000000800014c                MS5637_RESET
 .text.MS5637_PROM_READ
                0x0000000008000194       0x50 ./Core/Src/MS5637.o
                0x0000000008000194                MS5637_PROM_READ
 .text.MS5637_SET_PRESS_CONV
                0x00000000080001e4       0x4c ./Core/Src/MS5637.o
                0x00000000080001e4                MS5637_SET_PRESS_CONV
 .text.MS5637_SET_TEMP_CONV
                0x0000000008000230       0x4c ./Core/Src/MS5637.o
                0x0000000008000230                MS5637_SET_TEMP_CONV
 .text.MS5637_GET_PRESSURE
                0x000000000800027c      0x1f8 ./Core/Src/MS5637.o
                0x000000000800027c                MS5637_GET_PRESSURE
 .text.MS5637_GET_TEMPERATURE
                0x0000000008000474       0x98 ./Core/Src/MS5637.o
                0x0000000008000474                MS5637_GET_TEMPERATURE
 .text.MS5637_SETUP
                0x000000000800050c       0x60 ./Core/Src/MS5637.o
                0x000000000800050c                MS5637_SETUP
 .text.MS5637_GET_PROM_VALUES
                0x000000000800056c       0x64 ./Core/Src/MS5637.o
                0x000000000800056c                MS5637_GET_PROM_VALUES
 .text.MS5637_CRC_CHECK
                0x00000000080005d0       0xd8 ./Core/Src/MS5637.o
                0x00000000080005d0                MS5637_CRC_CHECK
 .text.MS5637_STREAM_USB
                0x00000000080006a8      0x284 ./Core/Src/MS5637.o
                0x00000000080006a8                MS5637_STREAM_USB
 .text.MS5637_LOCAL_GET_TEMPERATURE
                0x000000000800092c       0x7c ./Core/Src/MS5637.o
                0x000000000800092c                MS5637_LOCAL_GET_TEMPERATURE
 .text.MS5637_LOCAL_GET_PRESSURE
                0x00000000080009a8      0x1e4 ./Core/Src/MS5637.o
                0x00000000080009a8                MS5637_LOCAL_GET_PRESSURE
 .text.MS5637_LOCAL_SET_TEMP_CONV
                0x0000000008000b8c       0x48 ./Core/Src/MS5637.o
                0x0000000008000b8c                MS5637_LOCAL_SET_TEMP_CONV
 .text.MS5637_LOCAL_SET_PRESS_CONV
                0x0000000008000bd4       0x48 ./Core/Src/MS5637.o
                0x0000000008000bd4                MS5637_LOCAL_SET_PRESS_CONV
 .text.count_digits
                0x0000000008000c1c       0x38 ./Core/Src/custom_UI.o
                0x0000000008000c1c                count_digits
 .text.setup_std_graph
                0x0000000008000c54       0x90 ./Core/Src/custom_UI.o
                0x0000000008000c54                setup_std_graph
 .text.update_graph
                0x0000000008000ce4      0x288 ./Core/Src/custom_UI.o
                0x0000000008000ce4                update_graph
 .text.setup_menu
                0x0000000008000f6c      0x168 ./Core/Src/custom_UI.o
                0x0000000008000f6c                setup_menu
 .text.menu_scroll
                0x00000000080010d4       0x6c ./Core/Src/custom_UI.o
                0x00000000080010d4                menu_scroll
 .text.display_USB_stream
                0x0000000008001140       0x6c ./Core/Src/custom_UI.o
                0x0000000008001140                display_USB_stream
 .text.main     0x00000000080011ac      0x208 ./Core/Src/main.o
                0x00000000080011ac                main
 .text.SystemClock_Config
                0x00000000080013b4       0xb6 ./Core/Src/main.o
                0x00000000080013b4                SystemClock_Config
 *fill*         0x000000000800146a        0x2 
 .text.MX_I2C1_Init
                0x000000000800146c       0x5c ./Core/Src/main.o
 .text.MX_I2C2_Init
                0x00000000080014c8       0x5c ./Core/Src/main.o
 .text.MX_TIM2_Init
                0x0000000008001524       0x9c ./Core/Src/main.o
 .text.MX_TIM3_Init
                0x00000000080015c0       0x9c ./Core/Src/main.o
 .text.MX_USART2_UART_Init
                0x000000000800165c       0x54 ./Core/Src/main.o
 .text.MX_GPIO_Init
                0x00000000080016b0      0x150 ./Core/Src/main.o
 .text.HAL_GPIO_EXTI_Callback
                0x0000000008001800       0xd4 ./Core/Src/main.o
                0x0000000008001800                HAL_GPIO_EXTI_Callback
 .text.HAL_TIM_PeriodElapsedCallback
                0x00000000080018d4       0xf0 ./Core/Src/main.o
                0x00000000080018d4                HAL_TIM_PeriodElapsedCallback
 .text.Error_Handler
                0x00000000080019c4        0xa ./Core/Src/main.o
                0x00000000080019c4                Error_Handler
 .text.ssd1306_Reset
                0x00000000080019ce        0xc ./Core/Src/ssd1306.o
                0x00000000080019ce                ssd1306_Reset
 *fill*         0x00000000080019da        0x2 
 .text.ssd1306_WriteCommand
                0x00000000080019dc       0x30 ./Core/Src/ssd1306.o
                0x00000000080019dc                ssd1306_WriteCommand
 .text.ssd1306_WriteData
                0x0000000008001a0c       0x34 ./Core/Src/ssd1306.o
                0x0000000008001a0c                ssd1306_WriteData
 .text.ssd1306_Init
                0x0000000008001a40       0xd4 ./Core/Src/ssd1306.o
                0x0000000008001a40                ssd1306_Init
 .text.ssd1306_Fill
                0x0000000008001b14       0x44 ./Core/Src/ssd1306.o
                0x0000000008001b14                ssd1306_Fill
 .text.ssd1306_UpdateScreen
                0x0000000008001b58       0x50 ./Core/Src/ssd1306.o
                0x0000000008001b58                ssd1306_UpdateScreen
 .text.ssd1306_DrawPixel
                0x0000000008001ba8       0xa4 ./Core/Src/ssd1306.o
                0x0000000008001ba8                ssd1306_DrawPixel
 .text.ssd1306_WriteChar
                0x0000000008001c4c      0x110 ./Core/Src/ssd1306.o
                0x0000000008001c4c                ssd1306_WriteChar
 .text.ssd1306_WriteString
                0x0000000008001d5c       0x4c ./Core/Src/ssd1306.o
                0x0000000008001d5c                ssd1306_WriteString
 .text.ssd1306_SetCursor
                0x0000000008001da8       0x30 ./Core/Src/ssd1306.o
                0x0000000008001da8                ssd1306_SetCursor
 .text.ssd1306_Line
                0x0000000008001dd8       0xd8 ./Core/Src/ssd1306.o
                0x0000000008001dd8                ssd1306_Line
 .text.ssd1306_FillRectangle
                0x0000000008001eb0       0x9c ./Core/Src/ssd1306.o
                0x0000000008001eb0                ssd1306_FillRectangle
 .text.ssd1306_SetContrast
                0x0000000008001f4c       0x26 ./Core/Src/ssd1306.o
                0x0000000008001f4c                ssd1306_SetContrast
 *fill*         0x0000000008001f72        0x2 
 .text.ssd1306_SetDisplayOn
                0x0000000008001f74       0x3c ./Core/Src/ssd1306.o
                0x0000000008001f74                ssd1306_SetDisplayOn
 .text.HAL_MspInit
                0x0000000008001fb0       0x44 ./Core/Src/stm32f1xx_hal_msp.o
                0x0000000008001fb0                HAL_MspInit
 .text.HAL_I2C_MspInit
                0x0000000008001ff4       0xd8 ./Core/Src/stm32f1xx_hal_msp.o
                0x0000000008001ff4                HAL_I2C_MspInit
 .text.HAL_TIM_Base_MspInit
                0x00000000080020cc       0x80 ./Core/Src/stm32f1xx_hal_msp.o
                0x00000000080020cc                HAL_TIM_Base_MspInit
 .text.HAL_UART_MspInit
                0x000000000800214c       0x94 ./Core/Src/stm32f1xx_hal_msp.o
                0x000000000800214c                HAL_UART_MspInit
 .text.NMI_Handler
                0x00000000080021e0        0x6 ./Core/Src/stm32f1xx_it.o
                0x00000000080021e0                NMI_Handler
 .text.HardFault_Handler
                0x00000000080021e6        0x6 ./Core/Src/stm32f1xx_it.o
                0x00000000080021e6                HardFault_Handler
 .text.MemManage_Handler
                0x00000000080021ec        0x6 ./Core/Src/stm32f1xx_it.o
                0x00000000080021ec                MemManage_Handler
 .text.BusFault_Handler
                0x00000000080021f2        0x6 ./Core/Src/stm32f1xx_it.o
                0x00000000080021f2                BusFault_Handler
 .text.UsageFault_Handler
                0x00000000080021f8        0x6 ./Core/Src/stm32f1xx_it.o
                0x00000000080021f8                UsageFault_Handler
 .text.SVC_Handler
                0x00000000080021fe        0xc ./Core/Src/stm32f1xx_it.o
                0x00000000080021fe                SVC_Handler
 .text.DebugMon_Handler
                0x000000000800220a        0xc ./Core/Src/stm32f1xx_it.o
                0x000000000800220a                DebugMon_Handler
 .text.PendSV_Handler
                0x0000000008002216        0xc ./Core/Src/stm32f1xx_it.o
                0x0000000008002216                PendSV_Handler
 .text.SysTick_Handler
                0x0000000008002222        0xc ./Core/Src/stm32f1xx_it.o
                0x0000000008002222                SysTick_Handler
 *fill*         0x000000000800222e        0x2 
 .text.USB_LP_CAN1_RX0_IRQHandler
                0x0000000008002230       0x14 ./Core/Src/stm32f1xx_it.o
                0x0000000008002230                USB_LP_CAN1_RX0_IRQHandler
 .text.EXTI9_5_IRQHandler
                0x0000000008002244        0xe ./Core/Src/stm32f1xx_it.o
                0x0000000008002244                EXTI9_5_IRQHandler
 *fill*         0x0000000008002252        0x2 
 .text.TIM2_IRQHandler
                0x0000000008002254       0x14 ./Core/Src/stm32f1xx_it.o
                0x0000000008002254                TIM2_IRQHandler
 .text.TIM3_IRQHandler
                0x0000000008002268       0x14 ./Core/Src/stm32f1xx_it.o
                0x0000000008002268                TIM3_IRQHandler
 .text.EXTI15_10_IRQHandler
                0x000000000800227c       0x18 ./Core/Src/stm32f1xx_it.o
                0x000000000800227c                EXTI15_10_IRQHandler
 .text.SystemInit
                0x0000000008002294        0xc ./Core/Src/system_stm32f1xx.o
                0x0000000008002294                SystemInit
 .text.Reset_Handler
                0x00000000080022a0       0x48 ./Core/Startup/startup_stm32f103c8tx.o
                0x00000000080022a0                Reset_Handler
 .text.Default_Handler
                0x00000000080022e8        0x2 ./Core/Startup/startup_stm32f103c8tx.o
                0x00000000080022e8                RTC_Alarm_IRQHandler
                0x00000000080022e8                EXTI2_IRQHandler
                0x00000000080022e8                TIM1_CC_IRQHandler
                0x00000000080022e8                PVD_IRQHandler
                0x00000000080022e8                EXTI3_IRQHandler
                0x00000000080022e8                EXTI0_IRQHandler
                0x00000000080022e8                I2C2_EV_IRQHandler
                0x00000000080022e8                ADC1_2_IRQHandler
                0x00000000080022e8                SPI1_IRQHandler
                0x00000000080022e8                TAMPER_IRQHandler
                0x00000000080022e8                DMA1_Channel4_IRQHandler
                0x00000000080022e8                USART3_IRQHandler
                0x00000000080022e8                RTC_IRQHandler
                0x00000000080022e8                DMA1_Channel7_IRQHandler
                0x00000000080022e8                CAN1_RX1_IRQHandler
                0x00000000080022e8                TIM4_IRQHandler
                0x00000000080022e8                I2C1_EV_IRQHandler
                0x00000000080022e8                DMA1_Channel6_IRQHandler
                0x00000000080022e8                RCC_IRQHandler
                0x00000000080022e8                TIM1_TRG_COM_IRQHandler
                0x00000000080022e8                DMA1_Channel1_IRQHandler
                0x00000000080022e8                Default_Handler
                0x00000000080022e8                SPI2_IRQHandler
                0x00000000080022e8                DMA1_Channel5_IRQHandler
                0x00000000080022e8                EXTI4_IRQHandler
                0x00000000080022e8                USB_HP_CAN1_TX_IRQHandler
                0x00000000080022e8                DMA1_Channel3_IRQHandler
                0x00000000080022e8                TIM1_UP_IRQHandler
                0x00000000080022e8                WWDG_IRQHandler
                0x00000000080022e8                TIM1_BRK_IRQHandler
                0x00000000080022e8                EXTI1_IRQHandler
                0x00000000080022e8                USART2_IRQHandler
                0x00000000080022e8                I2C2_ER_IRQHandler
                0x00000000080022e8                DMA1_Channel2_IRQHandler
                0x00000000080022e8                CAN1_SCE_IRQHandler
                0x00000000080022e8                FLASH_IRQHandler
                0x00000000080022e8                USART1_IRQHandler
                0x00000000080022e8                I2C1_ER_IRQHandler
                0x00000000080022e8                USBWakeUp_IRQHandler
 *fill*         0x00000000080022ea        0x2 
 .text.HAL_Init
                0x00000000080022ec       0x2c ./Drivers/STM32F1xx_HAL_Driver/Src/stm32f1xx_hal.o
                0x00000000080022ec                HAL_Init
 .text.HAL_InitTick
                0x0000000008002318       0x60 ./Drivers/STM32F1xx_HAL_Driver/Src/stm32f1xx_hal.o
                0x0000000008002318                HAL_InitTick
 .text.HAL_IncTick
                0x0000000008002378       0x24 ./Drivers/STM32F1xx_HAL_Driver/Src/stm32f1xx_hal.o
                0x0000000008002378                HAL_IncTick
 .text.HAL_GetTick
                0x000000000800239c       0x14 ./Drivers/STM32F1xx_HAL_Driver/Src/stm32f1xx_hal.o
                0x000000000800239c                HAL_GetTick
 .text.HAL_Delay
                0x00000000080023b0       0x48 ./Drivers/STM32F1xx_HAL_Driver/Src/stm32f1xx_hal.o
                0x00000000080023b0                HAL_Delay
 .text.__NVIC_SetPriorityGrouping
                0x00000000080023f8       0x48 ./Drivers/STM32F1xx_HAL_Driver/Src/stm32f1xx_hal_cortex.o
 .text.__NVIC_GetPriorityGrouping
                0x0000000008002440       0x1c ./Drivers/STM32F1xx_HAL_Driver/Src/stm32f1xx_hal_cortex.o
 .text.__NVIC_EnableIRQ
                0x000000000800245c       0x38 ./Drivers/STM32F1xx_HAL_Driver/Src/stm32f1xx_hal_cortex.o
 .text.__NVIC_SetPriority
                0x0000000008002494       0x54 ./Drivers/STM32F1xx_HAL_Driver/Src/stm32f1xx_hal_cortex.o
 .text.NVIC_EncodePriority
                0x00000000080024e8       0x64 ./Drivers/STM32F1xx_HAL_Driver/Src/stm32f1xx_hal_cortex.o
 .text.SysTick_Config
                0x000000000800254c       0x44 ./Drivers/STM32F1xx_HAL_Driver/Src/stm32f1xx_hal_cortex.o
 .text.HAL_NVIC_SetPriorityGrouping
                0x0000000008002590       0x16 ./Drivers/STM32F1xx_HAL_Driver/Src/stm32f1xx_hal_cortex.o
                0x0000000008002590                HAL_NVIC_SetPriorityGrouping
 .text.HAL_NVIC_SetPriority
                0x00000000080025a6       0x38 ./Drivers/STM32F1xx_HAL_Driver/Src/stm32f1xx_hal_cortex.o
                0x00000000080025a6                HAL_NVIC_SetPriority
 .text.HAL_NVIC_EnableIRQ
                0x00000000080025de       0x1c ./Drivers/STM32F1xx_HAL_Driver/Src/stm32f1xx_hal_cortex.o
                0x00000000080025de                HAL_NVIC_EnableIRQ
 .text.HAL_SYSTICK_Config
                0x00000000080025fa       0x18 ./Drivers/STM32F1xx_HAL_Driver/Src/stm32f1xx_hal_cortex.o
                0x00000000080025fa                HAL_SYSTICK_Config
 *fill*         0x0000000008002612        0x2 
 .text.HAL_GPIO_Init
                0x0000000008002614      0x308 ./Drivers/STM32F1xx_HAL_Driver/Src/stm32f1xx_hal_gpio.o
                0x0000000008002614                HAL_GPIO_Init
 .text.HAL_GPIO_ReadPin
                0x000000000800291c       0x2e ./Drivers/STM32F1xx_HAL_Driver/Src/stm32f1xx_hal_gpio.o
                0x000000000800291c                HAL_GPIO_ReadPin
 .text.HAL_GPIO_WritePin
                0x000000000800294a       0x30 ./Drivers/STM32F1xx_HAL_Driver/Src/stm32f1xx_hal_gpio.o
                0x000000000800294a                HAL_GPIO_WritePin
 *fill*         0x000000000800297a        0x2 
 .text.HAL_GPIO_EXTI_IRQHandler
                0x000000000800297c       0x30 ./Drivers/STM32F1xx_HAL_Driver/Src/stm32f1xx_hal_gpio.o
                0x000000000800297c                HAL_GPIO_EXTI_IRQHandler
 .text.HAL_I2C_Init
                0x00000000080029ac      0x288 ./Drivers/STM32F1xx_HAL_Driver/Src/stm32f1xx_hal_i2c.o
                0x00000000080029ac                HAL_I2C_Init
 .text.HAL_I2C_Master_Transmit
                0x0000000008002c34      0x1fc ./Drivers/STM32F1xx_HAL_Driver/Src/stm32f1xx_hal_i2c.o
                0x0000000008002c34                HAL_I2C_Master_Transmit
 .text.HAL_I2C_Mem_Write
                0x0000000008002e30      0x1f4 ./Drivers/STM32F1xx_HAL_Driver/Src/stm32f1xx_hal_i2c.o
                0x0000000008002e30                HAL_I2C_Mem_Write
 .text.HAL_I2C_Mem_Read
                0x0000000008003024      0x4d0 ./Drivers/STM32F1xx_HAL_Driver/Src/stm32f1xx_hal_i2c.o
                0x0000000008003024                HAL_I2C_Mem_Read
 .text.I2C_MasterRequestWrite
                0x00000000080034f4      0x104 ./Drivers/STM32F1xx_HAL_Driver/Src/stm32f1xx_hal_i2c.o
 .text.I2C_RequestMemoryWrite
                0x00000000080035f8      0x12c ./Drivers/STM32F1xx_HAL_Driver/Src/stm32f1xx_hal_i2c.o
 .text.I2C_RequestMemoryRead
                0x0000000008003724      0x1d0 ./Drivers/STM32F1xx_HAL_Driver/Src/stm32f1xx_hal_i2c.o
 .text.I2C_WaitOnFlagUntilTimeout
                0x00000000080038f4       0xf4 ./Drivers/STM32F1xx_HAL_Driver/Src/stm32f1xx_hal_i2c.o
 .text.I2C_WaitOnMasterAddressFlagUntilTimeout
                0x00000000080039e8      0x140 ./Drivers/STM32F1xx_HAL_Driver/Src/stm32f1xx_hal_i2c.o
 .text.I2C_WaitOnTXEFlagUntilTimeout
                0x0000000008003b28       0x90 ./Drivers/STM32F1xx_HAL_Driver/Src/stm32f1xx_hal_i2c.o
 .text.I2C_WaitOnBTFFlagUntilTimeout
                0x0000000008003bb8       0x90 ./Drivers/STM32F1xx_HAL_Driver/Src/stm32f1xx_hal_i2c.o
 .text.I2C_WaitOnRXNEFlagUntilTimeout
                0x0000000008003c48       0xba ./Drivers/STM32F1xx_HAL_Driver/Src/stm32f1xx_hal_i2c.o
 .text.I2C_IsAcknowledgeFailed
                0x0000000008003d02       0x5c ./Drivers/STM32F1xx_HAL_Driver/Src/stm32f1xx_hal_i2c.o
 .text.HAL_PCD_Init
                0x0000000008003d5e      0x1fe ./Drivers/STM32F1xx_HAL_Driver/Src/stm32f1xx_hal_pcd.o
                0x0000000008003d5e                HAL_PCD_Init
 .text.HAL_PCD_Start
                0x0000000008003f5c       0x4c ./Drivers/STM32F1xx_HAL_Driver/Src/stm32f1xx_hal_pcd.o
                0x0000000008003f5c                HAL_PCD_Start
 .text.HAL_PCD_IRQHandler
                0x0000000008003fa8      0x260 ./Drivers/STM32F1xx_HAL_Driver/Src/stm32f1xx_hal_pcd.o
                0x0000000008003fa8                HAL_PCD_IRQHandler
 .text.HAL_PCD_SetAddress
                0x0000000008004208       0x4a ./Drivers/STM32F1xx_HAL_Driver/Src/stm32f1xx_hal_pcd.o
                0x0000000008004208                HAL_PCD_SetAddress
 .text.HAL_PCD_EP_Open
                0x0000000008004252       0xba ./Drivers/STM32F1xx_HAL_Driver/Src/stm32f1xx_hal_pcd.o
                0x0000000008004252                HAL_PCD_EP_Open
 .text.HAL_PCD_EP_Close
                0x000000000800430c       0x90 ./Drivers/STM32F1xx_HAL_Driver/Src/stm32f1xx_hal_pcd.o
                0x000000000800430c                HAL_PCD_EP_Close
 .text.HAL_PCD_EP_Receive
                0x000000000800439c       0x62 ./Drivers/STM32F1xx_HAL_Driver/Src/stm32f1xx_hal_pcd.o
                0x000000000800439c                HAL_PCD_EP_Receive
 .text.HAL_PCD_EP_GetRxCount
                0x00000000080043fe       0x2e ./Drivers/STM32F1xx_HAL_Driver/Src/stm32f1xx_hal_pcd.o
                0x00000000080043fe                HAL_PCD_EP_GetRxCount
 .text.HAL_PCD_EP_Transmit
                0x000000000800442c       0x6e ./Drivers/STM32F1xx_HAL_Driver/Src/stm32f1xx_hal_pcd.o
                0x000000000800442c                HAL_PCD_EP_Transmit
 .text.HAL_PCD_EP_SetStall
                0x000000000800449a       0xc0 ./Drivers/STM32F1xx_HAL_Driver/Src/stm32f1xx_hal_pcd.o
                0x000000000800449a                HAL_PCD_EP_SetStall
 .text.HAL_PCD_EP_ClrStall
                0x000000000800455a       0xa8 ./Drivers/STM32F1xx_HAL_Driver/Src/stm32f1xx_hal_pcd.o
                0x000000000800455a                HAL_PCD_EP_ClrStall
 .text.PCD_EP_ISR_Handler
                0x0000000008004602      0x7a6 ./Drivers/STM32F1xx_HAL_Driver/Src/stm32f1xx_hal_pcd.o
 .text.HAL_PCD_EP_DB_Receive
                0x0000000008004da8      0x21a ./Drivers/STM32F1xx_HAL_Driver/Src/stm32f1xx_hal_pcd.o
 .text.HAL_PCD_EP_DB_Transmit
                0x0000000008004fc2      0x7f4 ./Drivers/STM32F1xx_HAL_Driver/Src/stm32f1xx_hal_pcd.o
 .text.HAL_PCDEx_PMAConfig
                0x00000000080057b6       0x84 ./Drivers/STM32F1xx_HAL_Driver/Src/stm32f1xx_hal_pcd_ex.o
                0x00000000080057b6                HAL_PCDEx_PMAConfig
 *fill*         0x000000000800583a        0x2 
 .text.HAL_RCC_OscConfig
                0x000000000800583c      0x504 ./Drivers/STM32F1xx_HAL_Driver/Src/stm32f1xx_hal_rcc.o
                0x000000000800583c                HAL_RCC_OscConfig
 .text.HAL_RCC_ClockConfig
                0x0000000008005d40      0x1d4 ./Drivers/STM32F1xx_HAL_Driver/Src/stm32f1xx_hal_rcc.o
                0x0000000008005d40                HAL_RCC_ClockConfig
 .text.HAL_RCC_GetSysClockFreq
                0x0000000008005f14       0xa8 ./Drivers/STM32F1xx_HAL_Driver/Src/stm32f1xx_hal_rcc.o
                0x0000000008005f14                HAL_RCC_GetSysClockFreq
 .text.HAL_RCC_GetHCLKFreq
                0x0000000008005fbc       0x14 ./Drivers/STM32F1xx_HAL_Driver/Src/stm32f1xx_hal_rcc.o
                0x0000000008005fbc                HAL_RCC_GetHCLKFreq
 .text.HAL_RCC_GetPCLK1Freq
                0x0000000008005fd0       0x28 ./Drivers/STM32F1xx_HAL_Driver/Src/stm32f1xx_hal_rcc.o
                0x0000000008005fd0                HAL_RCC_GetPCLK1Freq
 .text.HAL_RCC_GetPCLK2Freq
                0x0000000008005ff8       0x28 ./Drivers/STM32F1xx_HAL_Driver/Src/stm32f1xx_hal_rcc.o
                0x0000000008005ff8                HAL_RCC_GetPCLK2Freq
 .text.RCC_Delay
                0x0000000008006020       0x3c ./Drivers/STM32F1xx_HAL_Driver/Src/stm32f1xx_hal_rcc.o
 .text.HAL_RCCEx_PeriphCLKConfig
                0x000000000800605c      0x16c ./Drivers/STM32F1xx_HAL_Driver/Src/stm32f1xx_hal_rcc_ex.o
                0x000000000800605c                HAL_RCCEx_PeriphCLKConfig
 .text.HAL_TIM_Base_Init
                0x00000000080061c8       0x9e ./Drivers/STM32F1xx_HAL_Driver/Src/stm32f1xx_hal_tim.o
                0x00000000080061c8                HAL_TIM_Base_Init
 *fill*         0x0000000008006266        0x2 
 .text.HAL_TIM_Base_Start_IT
                0x0000000008006268       0xa4 ./Drivers/STM32F1xx_HAL_Driver/Src/stm32f1xx_hal_tim.o
                0x0000000008006268                HAL_TIM_Base_Start_IT
 .text.HAL_TIM_Base_Stop_IT
                0x000000000800630c       0x5c ./Drivers/STM32F1xx_HAL_Driver/Src/stm32f1xx_hal_tim.o
                0x000000000800630c                HAL_TIM_Base_Stop_IT
 .text.HAL_TIM_IRQHandler
                0x0000000008006368      0x210 ./Drivers/STM32F1xx_HAL_Driver/Src/stm32f1xx_hal_tim.o
                0x0000000008006368                HAL_TIM_IRQHandler
 .text.HAL_TIM_ConfigClockSource
                0x0000000008006578      0x18e ./Drivers/STM32F1xx_HAL_Driver/Src/stm32f1xx_hal_tim.o
                0x0000000008006578                HAL_TIM_ConfigClockSource
 .text.HAL_TIM_OC_DelayElapsedCallback
                0x0000000008006706       0x12 ./Drivers/STM32F1xx_HAL_Driver/Src/stm32f1xx_hal_tim.o
                0x0000000008006706                HAL_TIM_OC_DelayElapsedCallback
 .text.HAL_TIM_IC_CaptureCallback
                0x0000000008006718       0x12 ./Drivers/STM32F1xx_HAL_Driver/Src/stm32f1xx_hal_tim.o
                0x0000000008006718                HAL_TIM_IC_CaptureCallback
 .text.HAL_TIM_PWM_PulseFinishedCallback
                0x000000000800672a       0x12 ./Drivers/STM32F1xx_HAL_Driver/Src/stm32f1xx_hal_tim.o
                0x000000000800672a                HAL_TIM_PWM_PulseFinishedCallback
 .text.HAL_TIM_TriggerCallback
                0x000000000800673c       0x12 ./Drivers/STM32F1xx_HAL_Driver/Src/stm32f1xx_hal_tim.o
                0x000000000800673c                HAL_TIM_TriggerCallback
 *fill*         0x000000000800674e        0x2 
 .text.TIM_Base_SetConfig
                0x0000000008006750       0xc4 ./Drivers/STM32F1xx_HAL_Driver/Src/stm32f1xx_hal_tim.o
                0x0000000008006750                TIM_Base_SetConfig
 .text.TIM_TI1_ConfigInputStage
                0x0000000008006814       0x5c ./Drivers/STM32F1xx_HAL_Driver/Src/stm32f1xx_hal_tim.o
 .text.TIM_TI2_ConfigInputStage
                0x0000000008006870       0x5e ./Drivers/STM32F1xx_HAL_Driver/Src/stm32f1xx_hal_tim.o
 .text.TIM_ITRx_SetConfig
                0x00000000080068ce       0x34 ./Drivers/STM32F1xx_HAL_Driver/Src/stm32f1xx_hal_tim.o
 .text.TIM_ETR_SetConfig
                0x0000000008006902       0x3e ./Drivers/STM32F1xx_HAL_Driver/Src/stm32f1xx_hal_tim.o
                0x0000000008006902                TIM_ETR_SetConfig
 .text.HAL_TIMEx_MasterConfigSynchronization
                0x0000000008006940       0xbc ./Drivers/STM32F1xx_HAL_Driver/Src/stm32f1xx_hal_tim_ex.o
                0x0000000008006940                HAL_TIMEx_MasterConfigSynchronization
 .text.HAL_TIMEx_CommutCallback
                0x00000000080069fc       0x12 ./Drivers/STM32F1xx_HAL_Driver/Src/stm32f1xx_hal_tim_ex.o
                0x00000000080069fc                HAL_TIMEx_CommutCallback
 .text.HAL_TIMEx_BreakCallback
                0x0000000008006a0e       0x12 ./Drivers/STM32F1xx_HAL_Driver/Src/stm32f1xx_hal_tim_ex.o
                0x0000000008006a0e                HAL_TIMEx_BreakCallback
 .text.HAL_UART_Init
                0x0000000008006a20       0xa0 ./Drivers/STM32F1xx_HAL_Driver/Src/stm32f1xx_hal_uart.o
                0x0000000008006a20                HAL_UART_Init
 .text.UART_SetConfig
                0x0000000008006ac0      0x11c ./Drivers/STM32F1xx_HAL_Driver/Src/stm32f1xx_hal_uart.o
 .text.USB_CoreInit
                0x0000000008006bdc       0x20 ./Drivers/STM32F1xx_HAL_Driver/Src/stm32f1xx_ll_usb.o
                0x0000000008006bdc                USB_CoreInit
 .text.USB_EnableGlobalInt
                0x0000000008006bfc       0x2c ./Drivers/STM32F1xx_HAL_Driver/Src/stm32f1xx_ll_usb.o
                0x0000000008006bfc                USB_EnableGlobalInt
 .text.USB_DisableGlobalInt
                0x0000000008006c28       0x34 ./Drivers/STM32F1xx_HAL_Driver/Src/stm32f1xx_ll_usb.o
                0x0000000008006c28                USB_DisableGlobalInt
 .text.USB_SetCurrentMode
                0x0000000008006c5c       0x18 ./Drivers/STM32F1xx_HAL_Driver/Src/stm32f1xx_ll_usb.o
                0x0000000008006c5c                USB_SetCurrentMode
 .text.USB_DevInit
                0x0000000008006c74       0x40 ./Drivers/STM32F1xx_HAL_Driver/Src/stm32f1xx_ll_usb.o
                0x0000000008006c74                USB_DevInit
 .text.USB_ActivateEndpoint
                0x0000000008006cb4      0x780 ./Drivers/STM32F1xx_HAL_Driver/Src/stm32f1xx_ll_usb.o
                0x0000000008006cb4                USB_ActivateEndpoint
 .text.USB_DeactivateEndpoint
                0x0000000008007434      0x3d8 ./Drivers/STM32F1xx_HAL_Driver/Src/stm32f1xx_ll_usb.o
                0x0000000008007434                USB_DeactivateEndpoint
 .text.USB_EPStartXfer
                0x000000000800780c     0x1762 ./Drivers/STM32F1xx_HAL_Driver/Src/stm32f1xx_ll_usb.o
                0x000000000800780c                USB_EPStartXfer
 .text.USB_EPSetStall
                0x0000000008008f6e       0xa0 ./Drivers/STM32F1xx_HAL_Driver/Src/stm32f1xx_ll_usb.o
                0x0000000008008f6e                USB_EPSetStall
 .text.USB_EPClearStall
                0x000000000800900e      0x15a ./Drivers/STM32F1xx_HAL_Driver/Src/stm32f1xx_ll_usb.o
                0x000000000800900e                USB_EPClearStall
 .text.USB_SetDevAddress
                0x0000000008009168       0x26 ./Drivers/STM32F1xx_HAL_Driver/Src/stm32f1xx_ll_usb.o
                0x0000000008009168                USB_SetDevAddress
 .text.USB_DevConnect
                0x000000000800918e       0x14 ./Drivers/STM32F1xx_HAL_Driver/Src/stm32f1xx_ll_usb.o
                0x000000000800918e                USB_DevConnect
 .text.USB_DevDisconnect
                0x00000000080091a2       0x14 ./Drivers/STM32F1xx_HAL_Driver/Src/stm32f1xx_ll_usb.o
                0x00000000080091a2                USB_DevDisconnect
 .text.USB_ReadInterrupts
                0x00000000080091b6       0x1e ./Drivers/STM32F1xx_HAL_Driver/Src/stm32f1xx_ll_usb.o
                0x00000000080091b6                USB_ReadInterrupts
 .text.USB_EP0_OutStart
                0x00000000080091d4       0x16 ./Drivers/STM32F1xx_HAL_Driver/Src/stm32f1xx_ll_usb.o
                0x00000000080091d4                USB_EP0_OutStart
 .text.USB_WritePMA
                0x00000000080091ea       0x8a ./Drivers/STM32F1xx_HAL_Driver/Src/stm32f1xx_ll_usb.o
                0x00000000080091ea                USB_WritePMA
 .text.USB_ReadPMA
                0x0000000008009274       0x9e ./Drivers/STM32F1xx_HAL_Driver/Src/stm32f1xx_ll_usb.o
                0x0000000008009274                USB_ReadPMA
 .text.USBD_CDC_Init
                0x0000000008009312       0xf4 ./Middlewares/ST/STM32_USB_Device_Library/Class/CDC/Src/usbd_cdc.o
 .text.USBD_CDC_DeInit
                0x0000000008009406       0x6e ./Middlewares/ST/STM32_USB_Device_Library/Class/CDC/Src/usbd_cdc.o
 .text.USBD_CDC_Setup
                0x0000000008009474      0x146 ./Middlewares/ST/STM32_USB_Device_Library/Class/CDC/Src/usbd_cdc.o
 .text.USBD_CDC_DataIn
                0x00000000080095ba       0xa6 ./Middlewares/ST/STM32_USB_Device_Library/Class/CDC/Src/usbd_cdc.o
 .text.USBD_CDC_DataOut
                0x0000000008009660       0x56 ./Middlewares/ST/STM32_USB_Device_Library/Class/CDC/Src/usbd_cdc.o
 .text.USBD_CDC_EP0_RxReady
                0x00000000080096b6       0x50 ./Middlewares/ST/STM32_USB_Device_Library/Class/CDC/Src/usbd_cdc.o
 *fill*         0x0000000008009706        0x2 
 .text.USBD_CDC_GetFSCfgDesc
                0x0000000008009708       0x20 ./Middlewares/ST/STM32_USB_Device_Library/Class/CDC/Src/usbd_cdc.o
 .text.USBD_CDC_GetHSCfgDesc
                0x0000000008009728       0x20 ./Middlewares/ST/STM32_USB_Device_Library/Class/CDC/Src/usbd_cdc.o
 .text.USBD_CDC_GetOtherSpeedCfgDesc
                0x0000000008009748       0x20 ./Middlewares/ST/STM32_USB_Device_Library/Class/CDC/Src/usbd_cdc.o
 .text.USBD_CDC_GetDeviceQualifierDescriptor
                0x0000000008009768       0x20 ./Middlewares/ST/STM32_USB_Device_Library/Class/CDC/Src/usbd_cdc.o
                0x0000000008009768                USBD_CDC_GetDeviceQualifierDescriptor
 .text.USBD_CDC_RegisterInterface
                0x0000000008009788       0x2c ./Middlewares/ST/STM32_USB_Device_Library/Class/CDC/Src/usbd_cdc.o
                0x0000000008009788                USBD_CDC_RegisterInterface
 .text.USBD_CDC_SetTxBuffer
                0x00000000080097b4       0x32 ./Middlewares/ST/STM32_USB_Device_Library/Class/CDC/Src/usbd_cdc.o
                0x00000000080097b4                USBD_CDC_SetTxBuffer
 .text.USBD_CDC_SetRxBuffer
                0x00000000080097e6       0x26 ./Middlewares/ST/STM32_USB_Device_Library/Class/CDC/Src/usbd_cdc.o
                0x00000000080097e6                USBD_CDC_SetRxBuffer
 .text.USBD_CDC_TransmitPacket
                0x000000000800980c       0x5e ./Middlewares/ST/STM32_USB_Device_Library/Class/CDC/Src/usbd_cdc.o
                0x000000000800980c                USBD_CDC_TransmitPacket
 .text.USBD_CDC_ReceivePacket
                0x000000000800986a       0x54 ./Middlewares/ST/STM32_USB_Device_Library/Class/CDC/Src/usbd_cdc.o
                0x000000000800986a                USBD_CDC_ReceivePacket
 .text.USBD_Init
                0x00000000080098be       0x56 ./Middlewares/ST/STM32_USB_Device_Library/Core/Src/usbd_core.o
                0x00000000080098be                USBD_Init
 .text.USBD_RegisterClass
                0x0000000008009914       0x32 ./Middlewares/ST/STM32_USB_Device_Library/Core/Src/usbd_core.o
                0x0000000008009914                USBD_RegisterClass
 .text.USBD_Start
                0x0000000008009946       0x18 ./Middlewares/ST/STM32_USB_Device_Library/Core/Src/usbd_core.o
                0x0000000008009946                USBD_Start
 .text.USBD_RunTestMode
                0x000000000800995e       0x14 ./Middlewares/ST/STM32_USB_Device_Library/Core/Src/usbd_core.o
                0x000000000800995e                USBD_RunTestMode
 .text.USBD_SetClassConfig
                0x0000000008009972       0x3e ./Middlewares/ST/STM32_USB_Device_Library/Core/Src/usbd_core.o
                0x0000000008009972                USBD_SetClassConfig
 .text.USBD_ClrClassConfig
                0x00000000080099b0       0x26 ./Middlewares/ST/STM32_USB_Device_Library/Core/Src/usbd_core.o
                0x00000000080099b0                USBD_ClrClassConfig
 .text.USBD_LL_SetupStage
                0x00000000080099d6       0x9a ./Middlewares/ST/STM32_USB_Device_Library/Core/Src/usbd_core.o
                0x00000000080099d6                USBD_LL_SetupStage
 .text.USBD_LL_DataOutStage
                0x0000000008009a70       0xe2 ./Middlewares/ST/STM32_USB_Device_Library/Core/Src/usbd_core.o
                0x0000000008009a70                USBD_LL_DataOutStage
 .text.USBD_LL_DataInStage
                0x0000000008009b52      0x14a ./Middlewares/ST/STM32_USB_Device_Library/Core/Src/usbd_core.o
                0x0000000008009b52                USBD_LL_DataInStage
 .text.USBD_LL_Reset
                0x0000000008009c9c       0x82 ./Middlewares/ST/STM32_USB_Device_Library/Core/Src/usbd_core.o
                0x0000000008009c9c                USBD_LL_Reset
 .text.USBD_LL_SetSpeed
                0x0000000008009d1e       0x1e ./Middlewares/ST/STM32_USB_Device_Library/Core/Src/usbd_core.o
                0x0000000008009d1e                USBD_LL_SetSpeed
 .text.USBD_LL_Suspend
                0x0000000008009d3c       0x28 ./Middlewares/ST/STM32_USB_Device_Library/Core/Src/usbd_core.o
                0x0000000008009d3c                USBD_LL_Suspend
 .text.USBD_LL_Resume
                0x0000000008009d64       0x2a ./Middlewares/ST/STM32_USB_Device_Library/Core/Src/usbd_core.o
                0x0000000008009d64                USBD_LL_Resume
 .text.USBD_LL_SOF
                0x0000000008009d8e       0x34 ./Middlewares/ST/STM32_USB_Device_Library/Core/Src/usbd_core.o
                0x0000000008009d8e                USBD_LL_SOF
 *fill*         0x0000000008009dc2        0x2 
 .text.USBD_StdDevReq
                0x0000000008009dc4       0xd4 ./Middlewares/ST/STM32_USB_Device_Library/Core/Src/usbd_ctlreq.o
                0x0000000008009dc4                USBD_StdDevReq
 .text.USBD_StdItfReq
                0x0000000008009e98       0x90 ./Middlewares/ST/STM32_USB_Device_Library/Core/Src/usbd_ctlreq.o
                0x0000000008009e98                USBD_StdItfReq
 .text.USBD_StdEPReq
                0x0000000008009f28      0x2c6 ./Middlewares/ST/STM32_USB_Device_Library/Core/Src/usbd_ctlreq.o
                0x0000000008009f28                USBD_StdEPReq
 *fill*         0x000000000800a1ee        0x2 
 .text.USBD_GetDescriptor
                0x000000000800a1f0      0x2d0 ./Middlewares/ST/STM32_USB_Device_Library/Core/Src/usbd_ctlreq.o
 .text.USBD_SetAddress
                0x000000000800a4c0       0x86 ./Middlewares/ST/STM32_USB_Device_Library/Core/Src/usbd_ctlreq.o
 *fill*         0x000000000800a546        0x2 
 .text.USBD_SetConfig
                0x000000000800a548      0x11c ./Middlewares/ST/STM32_USB_Device_Library/Core/Src/usbd_ctlreq.o
 .text.USBD_GetConfig
                0x000000000800a664       0x6a ./Middlewares/ST/STM32_USB_Device_Library/Core/Src/usbd_ctlreq.o
 .text.USBD_GetStatus
                0x000000000800a6ce       0x66 ./Middlewares/ST/STM32_USB_Device_Library/Core/Src/usbd_ctlreq.o
 .text.USBD_SetFeature
                0x000000000800a734       0x28 ./Middlewares/ST/STM32_USB_Device_Library/Core/Src/usbd_ctlreq.o
 .text.USBD_ClrFeature
                0x000000000800a75c       0x42 ./Middlewares/ST/STM32_USB_Device_Library/Core/Src/usbd_ctlreq.o
 .text.USBD_ParseSetupRequest
                0x000000000800a79e       0x78 ./Middlewares/ST/STM32_USB_Device_Library/Core/Src/usbd_ctlreq.o
                0x000000000800a79e                USBD_ParseSetupRequest
 .text.USBD_CtlError
                0x000000000800a816       0x22 ./Middlewares/ST/STM32_USB_Device_Library/Core/Src/usbd_ctlreq.o
                0x000000000800a816                USBD_CtlError
 .text.USBD_GetString
                0x000000000800a838       0x84 ./Middlewares/ST/STM32_USB_Device_Library/Core/Src/usbd_ctlreq.o
                0x000000000800a838                USBD_GetString
 .text.USBD_GetLen
                0x000000000800a8bc       0x2e ./Middlewares/ST/STM32_USB_Device_Library/Core/Src/usbd_ctlreq.o
 .text.USBD_CtlSendData
                0x000000000800a8ea       0x38 ./Middlewares/ST/STM32_USB_Device_Library/Core/Src/usbd_ioreq.o
                0x000000000800a8ea                USBD_CtlSendData
 .text.USBD_CtlContinueSendData
                0x000000000800a922       0x24 ./Middlewares/ST/STM32_USB_Device_Library/Core/Src/usbd_ioreq.o
                0x000000000800a922                USBD_CtlContinueSendData
 .text.USBD_CtlPrepareRx
                0x000000000800a946       0x3c ./Middlewares/ST/STM32_USB_Device_Library/Core/Src/usbd_ioreq.o
                0x000000000800a946                USBD_CtlPrepareRx
 .text.USBD_CtlContinueRx
                0x000000000800a982       0x24 ./Middlewares/ST/STM32_USB_Device_Library/Core/Src/usbd_ioreq.o
                0x000000000800a982                USBD_CtlContinueRx
 .text.USBD_CtlSendStatus
                0x000000000800a9a6       0x26 ./Middlewares/ST/STM32_USB_Device_Library/Core/Src/usbd_ioreq.o
                0x000000000800a9a6                USBD_CtlSendStatus
 .text.USBD_CtlReceiveStatus
                0x000000000800a9cc       0x26 ./Middlewares/ST/STM32_USB_Device_Library/Core/Src/usbd_ioreq.o
                0x000000000800a9cc                USBD_CtlReceiveStatus
 *fill*         0x000000000800a9f2        0x2 
 .text.MX_USB_DEVICE_Init
                0x000000000800a9f4       0x60 ./USB_DEVICE/App/usb_device.o
                0x000000000800a9f4                MX_USB_DEVICE_Init
 .text.CDC_Init_FS
                0x000000000800aa54       0x28 ./USB_DEVICE/App/usbd_cdc_if.o
 .text.CDC_DeInit_FS
                0x000000000800aa7c        0xe ./USB_DEVICE/App/usbd_cdc_if.o
 *fill*         0x000000000800aa8a        0x2 
 .text.CDC_Control_FS
                0x000000000800aa8c       0xbc ./USB_DEVICE/App/usbd_cdc_if.o
 .text.CDC_Receive_FS
                0x000000000800ab48       0x28 ./USB_DEVICE/App/usbd_cdc_if.o
 .text.CDC_Transmit_FS
                0x000000000800ab70       0x4c ./USB_DEVICE/App/usbd_cdc_if.o
                0x000000000800ab70                CDC_Transmit_FS
 .text.USBD_FS_DeviceDescriptor
                0x000000000800abbc       0x24 ./USB_DEVICE/App/usbd_desc.o
                0x000000000800abbc                USBD_FS_DeviceDescriptor
 .text.USBD_FS_LangIDStrDescriptor
                0x000000000800abe0       0x24 ./USB_DEVICE/App/usbd_desc.o
                0x000000000800abe0                USBD_FS_LangIDStrDescriptor
 .text.USBD_FS_ProductStrDescriptor
                0x000000000800ac04       0x3c ./USB_DEVICE/App/usbd_desc.o
                0x000000000800ac04                USBD_FS_ProductStrDescriptor
 .text.USBD_FS_ManufacturerStrDescriptor
                0x000000000800ac40       0x28 ./USB_DEVICE/App/usbd_desc.o
                0x000000000800ac40                USBD_FS_ManufacturerStrDescriptor
 .text.USBD_FS_SerialStrDescriptor
                0x000000000800ac68       0x24 ./USB_DEVICE/App/usbd_desc.o
                0x000000000800ac68                USBD_FS_SerialStrDescriptor
 .text.USBD_FS_ConfigStrDescriptor
                0x000000000800ac8c       0x3c ./USB_DEVICE/App/usbd_desc.o
                0x000000000800ac8c                USBD_FS_ConfigStrDescriptor
 .text.USBD_FS_InterfaceStrDescriptor
                0x000000000800acc8       0x3c ./USB_DEVICE/App/usbd_desc.o
                0x000000000800acc8                USBD_FS_InterfaceStrDescriptor
 .text.Get_SerialNum
                0x000000000800ad04       0x58 ./USB_DEVICE/App/usbd_desc.o
 .text.IntToUnicode
                0x000000000800ad5c       0x7c ./USB_DEVICE/App/usbd_desc.o
 .text.HAL_PCD_MspInit
                0x000000000800add8       0x4c ./USB_DEVICE/Target/usbd_conf.o
                0x000000000800add8                HAL_PCD_MspInit
 .text.HAL_PCD_SetupStageCallback
                0x000000000800ae24       0x24 ./USB_DEVICE/Target/usbd_conf.o
                0x000000000800ae24                HAL_PCD_SetupStageCallback
 .text.HAL_PCD_DataOutStageCallback
                0x000000000800ae48       0x36 ./USB_DEVICE/Target/usbd_conf.o
                0x000000000800ae48                HAL_PCD_DataOutStageCallback
 .text.HAL_PCD_DataInStageCallback
                0x000000000800ae7e       0x34 ./USB_DEVICE/Target/usbd_conf.o
                0x000000000800ae7e                HAL_PCD_DataInStageCallback
 .text.HAL_PCD_SOFCallback
                0x000000000800aeb2       0x1c ./USB_DEVICE/Target/usbd_conf.o
                0x000000000800aeb2                HAL_PCD_SOFCallback
 .text.HAL_PCD_ResetCallback
                0x000000000800aece       0x3c ./USB_DEVICE/Target/usbd_conf.o
                0x000000000800aece                HAL_PCD_ResetCallback
 *fill*         0x000000000800af0a        0x2 
 .text.HAL_PCD_SuspendCallback
                0x000000000800af0c       0x34 ./USB_DEVICE/Target/usbd_conf.o
                0x000000000800af0c                HAL_PCD_SuspendCallback
 .text.HAL_PCD_ResumeCallback
                0x000000000800af40       0x1c ./USB_DEVICE/Target/usbd_conf.o
                0x000000000800af40                HAL_PCD_ResumeCallback
 .text.USBD_LL_Init
                0x000000000800af5c       0xb4 ./USB_DEVICE/Target/usbd_conf.o
                0x000000000800af5c                USBD_LL_Init
 .text.USBD_LL_Start
                0x000000000800b010       0x36 ./USB_DEVICE/Target/usbd_conf.o
                0x000000000800b010                USBD_LL_Start
 .text.USBD_LL_OpenEP
                0x000000000800b046       0x4c ./USB_DEVICE/Target/usbd_conf.o
                0x000000000800b046                USBD_LL_OpenEP
 .text.USBD_LL_CloseEP
                0x000000000800b092       0x3e ./USB_DEVICE/Target/usbd_conf.o
                0x000000000800b092                USBD_LL_CloseEP
 .text.USBD_LL_StallEP
                0x000000000800b0d0       0x3e ./USB_DEVICE/Target/usbd_conf.o
                0x000000000800b0d0                USBD_LL_StallEP
 .text.USBD_LL_ClearStallEP
                0x000000000800b10e       0x3e ./USB_DEVICE/Target/usbd_conf.o
                0x000000000800b10e                USBD_LL_ClearStallEP
 .text.USBD_LL_IsStallEP
                0x000000000800b14c       0x58 ./USB_DEVICE/Target/usbd_conf.o
                0x000000000800b14c                USBD_LL_IsStallEP
 .text.USBD_LL_SetUSBAddress
                0x000000000800b1a4       0x3e ./USB_DEVICE/Target/usbd_conf.o
                0x000000000800b1a4                USBD_LL_SetUSBAddress
 .text.USBD_LL_Transmit
                0x000000000800b1e2       0x46 ./USB_DEVICE/Target/usbd_conf.o
                0x000000000800b1e2                USBD_LL_Transmit
 .text.USBD_LL_PrepareReceive
                0x000000000800b228       0x46 ./USB_DEVICE/Target/usbd_conf.o
                0x000000000800b228                USBD_LL_PrepareReceive
 .text.USBD_LL_GetRxDataSize
                0x000000000800b26e       0x26 ./USB_DEVICE/Target/usbd_conf.o
                0x000000000800b26e                USBD_LL_GetRxDataSize
 .text.USBD_static_malloc
                0x000000000800b294       0x18 ./USB_DEVICE/Target/usbd_conf.o
                0x000000000800b294                USBD_static_malloc
 .text.USBD_static_free
                0x000000000800b2ac       0x12 ./USB_DEVICE/Target/usbd_conf.o
                0x000000000800b2ac                USBD_static_free
 .text.HAL_PCDEx_SetConnectionState
                0x000000000800b2be       0x16 ./USB_DEVICE/Target/usbd_conf.o
                0x000000000800b2be                HAL_PCDEx_SetConnectionState
 .text.USBD_Get_USB_Status
                0x000000000800b2d4       0x58 ./USB_DEVICE/Target/usbd_conf.o
 .text.__libc_init_array
                0x000000000800b32c       0x48 c:/st/stm32cubeide_1.12.0/stm32cubeide/plugins/com.st.stm32cube.ide.mcu.externaltools.gnu-tools-for-stm32.10.3-2021.10.win32_1.0.200.202301161003/tools/bin/../lib/gcc/arm-none-eabi/10.3.1/../../../../arm-none-eabi/lib/thumb/v7-m/nofp\libc.a(lib_a-init.o)
                0x000000000800b32c                __libc_init_array
 .text.__itoa   0x000000000800b374       0x30 c:/st/stm32cubeide_1.12.0/stm32cubeide/plugins/com.st.stm32cube.ide.mcu.externaltools.gnu-tools-for-stm32.10.3-2021.10.win32_1.0.200.202301161003/tools/bin/../lib/gcc/arm-none-eabi/10.3.1/../../../../arm-none-eabi/lib/thumb/v7-m/nofp\libc.a(lib_a-itoa.o)
                0x000000000800b374                __itoa
 .text.itoa     0x000000000800b3a4        0x4 c:/st/stm32cubeide_1.12.0/stm32cubeide/plugins/com.st.stm32cube.ide.mcu.externaltools.gnu-tools-for-stm32.10.3-2021.10.win32_1.0.200.202301161003/tools/bin/../lib/gcc/arm-none-eabi/10.3.1/../../../../arm-none-eabi/lib/thumb/v7-m/nofp\libc.a(lib_a-itoa.o)
                0x000000000800b3a4                itoa
 .text.memcpy   0x000000000800b3a8       0x1c c:/st/stm32cubeide_1.12.0/stm32cubeide/plugins/com.st.stm32cube.ide.mcu.externaltools.gnu-tools-for-stm32.10.3-2021.10.win32_1.0.200.202301161003/tools/bin/../lib/gcc/arm-none-eabi/10.3.1/../../../../arm-none-eabi/lib/thumb/v7-m/nofp\libc.a(lib_a-memcpy-stub.o)
                0x000000000800b3a8                memcpy
 .text.memset   0x000000000800b3c4       0x10 c:/st/stm32cubeide_1.12.0/stm32cubeide/plugins/com.st.stm32cube.ide.mcu.externaltools.gnu-tools-for-stm32.10.3-2021.10.win32_1.0.200.202301161003/tools/bin/../lib/gcc/arm-none-eabi/10.3.1/../../../../arm-none-eabi/lib/thumb/v7-m/nofp\libc.a(lib_a-memset.o)
                0x000000000800b3c4                memset
 .text.__utoa   0x000000000800b3d4       0x84 c:/st/stm32cubeide_1.12.0/stm32cubeide/plugins/com.st.stm32cube.ide.mcu.externaltools.gnu-tools-for-stm32.10.3-2021.10.win32_1.0.200.202301161003/tools/bin/../lib/gcc/arm-none-eabi/10.3.1/../../../../arm-none-eabi/lib/thumb/v7-m/nofp\libc.a(lib_a-utoa.o)
                0x000000000800b3d4                __utoa
 .text.startup.register_fini
                0x000000000800b458       0x14 c:/st/stm32cubeide_1.12.0/stm32cubeide/plugins/com.st.stm32cube.ide.mcu.externaltools.gnu-tools-for-stm32.10.3-2021.10.win32_1.0.200.202301161003/tools/bin/../lib/gcc/arm-none-eabi/10.3.1/../../../../arm-none-eabi/lib/thumb/v7-m/nofp\libc.a(lib_a-__call_atexit.o)
 .text.atexit   0x000000000800b46c        0xc c:/st/stm32cubeide_1.12.0/stm32cubeide/plugins/com.st.stm32cube.ide.mcu.externaltools.gnu-tools-for-stm32.10.3-2021.10.win32_1.0.200.202301161003/tools/bin/../lib/gcc/arm-none-eabi/10.3.1/../../../../arm-none-eabi/lib/thumb/v7-m/nofp\libc.a(lib_a-atexit.o)
                0x000000000800b46c                atexit
 .text.__libc_fini_array
                0x000000000800b478       0x28 c:/st/stm32cubeide_1.12.0/stm32cubeide/plugins/com.st.stm32cube.ide.mcu.externaltools.gnu-tools-for-stm32.10.3-2021.10.win32_1.0.200.202301161003/tools/bin/../lib/gcc/arm-none-eabi/10.3.1/../../../../arm-none-eabi/lib/thumb/v7-m/nofp\libc.a(lib_a-fini.o)
                0x000000000800b478                __libc_fini_array
 .text.__retarget_lock_acquire_recursive
                0x000000000800b4a0        0x2 c:/st/stm32cubeide_1.12.0/stm32cubeide/plugins/com.st.stm32cube.ide.mcu.externaltools.gnu-tools-for-stm32.10.3-2021.10.win32_1.0.200.202301161003/tools/bin/../lib/gcc/arm-none-eabi/10.3.1/../../../../arm-none-eabi/lib/thumb/v7-m/nofp\libc.a(lib_a-lock.o)
                0x000000000800b4a0                __retarget_lock_acquire_recursive
 .text.__retarget_lock_release_recursive
                0x000000000800b4a2        0x2 c:/st/stm32cubeide_1.12.0/stm32cubeide/plugins/com.st.stm32cube.ide.mcu.externaltools.gnu-tools-for-stm32.10.3-2021.10.win32_1.0.200.202301161003/tools/bin/../lib/gcc/arm-none-eabi/10.3.1/../../../../arm-none-eabi/lib/thumb/v7-m/nofp\libc.a(lib_a-lock.o)
                0x000000000800b4a2                __retarget_lock_release_recursive
 .text.__register_exitproc
                0x000000000800b4a4       0x84 c:/st/stm32cubeide_1.12.0/stm32cubeide/plugins/com.st.stm32cube.ide.mcu.externaltools.gnu-tools-for-stm32.10.3-2021.10.win32_1.0.200.202301161003/tools/bin/../lib/gcc/arm-none-eabi/10.3.1/../../../../arm-none-eabi/lib/thumb/v7-m/nofp\libc.a(lib_a-__atexit.o)
                0x000000000800b4a4                __register_exitproc
 *(.glue_7)
 .glue_7        0x000000000800b528        0x0 linker stubs
 *(.glue_7t)
 .glue_7t       0x000000000800b528        0x0 linker stubs
 *(.eh_frame)
 .eh_frame      0x000000000800b528        0x0 c:/st/stm32cubeide_1.12.0/stm32cubeide/plugins/com.st.stm32cube.ide.mcu.externaltools.gnu-tools-for-stm32.10.3-2021.10.win32_1.0.200.202301161003/tools/bin/../lib/gcc/arm-none-eabi/10.3.1/thumb/v7-m/nofp/crtbegin.o
 *(.init)
 .init          0x000000000800b528        0x4 c:/st/stm32cubeide_1.12.0/stm32cubeide/plugins/com.st.stm32cube.ide.mcu.externaltools.gnu-tools-for-stm32.10.3-2021.10.win32_1.0.200.202301161003/tools/bin/../lib/gcc/arm-none-eabi/10.3.1/thumb/v7-m/nofp/crti.o
                0x000000000800b528                _init
 .init          0x000000000800b52c        0x8 c:/st/stm32cubeide_1.12.0/stm32cubeide/plugins/com.st.stm32cube.ide.mcu.externaltools.gnu-tools-for-stm32.10.3-2021.10.win32_1.0.200.202301161003/tools/bin/../lib/gcc/arm-none-eabi/10.3.1/thumb/v7-m/nofp/crtn.o
 *(.fini)
 .fini          0x000000000800b534        0x4 c:/st/stm32cubeide_1.12.0/stm32cubeide/plugins/com.st.stm32cube.ide.mcu.externaltools.gnu-tools-for-stm32.10.3-2021.10.win32_1.0.200.202301161003/tools/bin/../lib/gcc/arm-none-eabi/10.3.1/thumb/v7-m/nofp/crti.o
                0x000000000800b534                _fini
 .fini          0x000000000800b538        0x8 c:/st/stm32cubeide_1.12.0/stm32cubeide/plugins/com.st.stm32cube.ide.mcu.externaltools.gnu-tools-for-stm32.10.3-2021.10.win32_1.0.200.202301161003/tools/bin/../lib/gcc/arm-none-eabi/10.3.1/thumb/v7-m/nofp/crtn.o
                0x000000000800b540                . = ALIGN (0x4)
                0x000000000800b540                _etext = .

.vfp11_veneer   0x000000000800b540        0x0
 .vfp11_veneer  0x000000000800b540        0x0 linker stubs

.v4_bx          0x000000000800b540        0x0
 .v4_bx         0x000000000800b540        0x0 linker stubs

.iplt           0x000000000800b540        0x0
 .iplt          0x000000000800b540        0x0 c:/st/stm32cubeide_1.12.0/stm32cubeide/plugins/com.st.stm32cube.ide.mcu.externaltools.gnu-tools-for-stm32.10.3-2021.10.win32_1.0.200.202301161003/tools/bin/../lib/gcc/arm-none-eabi/10.3.1/thumb/v7-m/nofp/crtbegin.o

.rodata         0x000000000800b540     0x15b4
                0x000000000800b540                . = ALIGN (0x4)
 *(.rodata)
 .rodata        0x000000000800b540       0x4a ./Core/Src/custom_UI.o
 *fill*         0x000000000800b58a        0x2 
 .rodata        0x000000000800b58c       0x46 ./USB_DEVICE/App/usbd_desc.o
 *(.rodata*)
 *fill*         0x000000000800b5d2        0x2 
 .rodata.Font7x10
                0x000000000800b5d4      0x76c ./Core/Src/ssd1306_fonts.o
 .rodata.Font11x18
                0x000000000800bd40      0xd5c ./Core/Src/ssd1306_fonts.o
 .rodata.AHBPrescTable
                0x000000000800ca9c       0x10 ./Core/Src/system_stm32f1xx.o
                0x000000000800ca9c                AHBPrescTable
 .rodata.APBPrescTable
                0x000000000800caac        0x8 ./Core/Src/system_stm32f1xx.o
                0x000000000800caac                APBPrescTable
 .rodata.aPLLMULFactorTable.1
                0x000000000800cab4       0x10 ./Drivers/STM32F1xx_HAL_Driver/Src/stm32f1xx_hal_rcc.o
 .rodata.aPredivFactorTable.0
                0x000000000800cac4        0x2 ./Drivers/STM32F1xx_HAL_Driver/Src/stm32f1xx_hal_rcc.o
 *fill*         0x000000000800cac6        0x2 
 .rodata._global_impure_ptr
                0x000000000800cac8        0x4 c:/st/stm32cubeide_1.12.0/stm32cubeide/plugins/com.st.stm32cube.ide.mcu.externaltools.gnu-tools-for-stm32.10.3-2021.10.win32_1.0.200.202301161003/tools/bin/../lib/gcc/arm-none-eabi/10.3.1/../../../../arm-none-eabi/lib/thumb/v7-m/nofp\libc.a(lib_a-impure.o)
                0x000000000800cac8                _global_impure_ptr
 .rodata.__utoa.str1.1
                0x000000000800cacc       0x25 c:/st/stm32cubeide_1.12.0/stm32cubeide/plugins/com.st.stm32cube.ide.mcu.externaltools.gnu-tools-for-stm32.10.3-2021.10.win32_1.0.200.202301161003/tools/bin/../lib/gcc/arm-none-eabi/10.3.1/../../../../arm-none-eabi/lib/thumb/v7-m/nofp\libc.a(lib_a-utoa.o)
                0x000000000800caf4                . = ALIGN (0x4)
 *fill*         0x000000000800caf1        0x3 

.rel.dyn        0x000000000800caf4        0x0
 .rel.iplt      0x000000000800caf4        0x0 c:/st/stm32cubeide_1.12.0/stm32cubeide/plugins/com.st.stm32cube.ide.mcu.externaltools.gnu-tools-for-stm32.10.3-2021.10.win32_1.0.200.202301161003/tools/bin/../lib/gcc/arm-none-eabi/10.3.1/thumb/v7-m/nofp/crtbegin.o

.ARM.extab      0x000000000800caf4        0x0
                0x000000000800caf4                . = ALIGN (0x4)
 *(.ARM.extab* .gnu.linkonce.armextab.*)
                0x000000000800caf4                . = ALIGN (0x4)

.ARM            0x000000000800caf4        0x0
                0x000000000800caf4                . = ALIGN (0x4)
                0x000000000800caf4                __exidx_start = .
 *(.ARM.exidx*)
                0x000000000800caf4                __exidx_end = .
                0x000000000800caf4                . = ALIGN (0x4)

.preinit_array  0x000000000800caf4        0x0
                0x000000000800caf4                . = ALIGN (0x4)
                0x000000000800caf4                PROVIDE (__preinit_array_start = .)
 *(.preinit_array*)
                0x000000000800caf4                PROVIDE (__preinit_array_end = .)
                0x000000000800caf4                . = ALIGN (0x4)

.init_array     0x000000000800caf4        0x8
                0x000000000800caf4                . = ALIGN (0x4)
                0x000000000800caf4                PROVIDE (__init_array_start = .)
 *(SORT_BY_NAME(.init_array.*))
 .init_array.00000
                0x000000000800caf4        0x4 c:/st/stm32cubeide_1.12.0/stm32cubeide/plugins/com.st.stm32cube.ide.mcu.externaltools.gnu-tools-for-stm32.10.3-2021.10.win32_1.0.200.202301161003/tools/bin/../lib/gcc/arm-none-eabi/10.3.1/../../../../arm-none-eabi/lib/thumb/v7-m/nofp\libc.a(lib_a-__call_atexit.o)
 *(.init_array*)
 .init_array    0x000000000800caf8        0x4 c:/st/stm32cubeide_1.12.0/stm32cubeide/plugins/com.st.stm32cube.ide.mcu.externaltools.gnu-tools-for-stm32.10.3-2021.10.win32_1.0.200.202301161003/tools/bin/../lib/gcc/arm-none-eabi/10.3.1/thumb/v7-m/nofp/crtbegin.o
                0x000000000800cafc                PROVIDE (__init_array_end = .)
                0x000000000800cafc                . = ALIGN (0x4)

.fini_array     0x000000000800cafc        0x4
                0x000000000800cafc                . = ALIGN (0x4)
                0x000000000800cafc                PROVIDE (__fini_array_start = .)
 *(SORT_BY_NAME(.fini_array.*))
 *(.fini_array*)
 .fini_array    0x000000000800cafc        0x4 c:/st/stm32cubeide_1.12.0/stm32cubeide/plugins/com.st.stm32cube.ide.mcu.externaltools.gnu-tools-for-stm32.10.3-2021.10.win32_1.0.200.202301161003/tools/bin/../lib/gcc/arm-none-eabi/10.3.1/thumb/v7-m/nofp/crtbegin.o
                0x000000000800cb00                PROVIDE (__fini_array_end = .)
                0x000000000800cb00                . = ALIGN (0x4)
                0x000000000800cb00                _sidata = LOADADDR (.data)

.data           0x0000000020000000      0x5dc load address 0x000000000800cb00
                0x0000000020000000                . = ALIGN (0x4)
                0x0000000020000000                _sdata = .
 *(.data)
 *(.data*)
 .data.CONVERSION_DELAY
                0x0000000020000000        0x6 ./Core/Src/MS5637.o
                0x0000000020000000                CONVERSION_DELAY
 *fill*         0x0000000020000006        0x2 
 .data.D1_RESOLUTION
                0x0000000020000008        0x6 ./Core/Src/MS5637.o
                0x0000000020000008                D1_RESOLUTION
 *fill*         0x000000002000000e        0x2 
 .data.D2_RESOLUTION
                0x0000000020000010        0x6 ./Core/Src/MS5637.o
                0x0000000020000010                D2_RESOLUTION
 *fill*         0x0000000020000016        0x2 
 .data.graph_title
                0x0000000020000018        0x5 ./Core/Src/main.o
                0x0000000020000018                graph_title
 .data.menu_cursor_placement
                0x000000002000001d        0x1 ./Core/Src/main.o
                0x000000002000001d                menu_cursor_placement
 .data.USB_EN   0x000000002000001e        0x1 ./Core/Src/main.o
                0x000000002000001e                USB_EN
 *fill*         0x000000002000001f        0x1 
 .data.Font_7x10
                0x0000000020000020        0x8 ./Core/Src/ssd1306_fonts.o
                0x0000000020000020                Font_7x10
 .data.Font_11x18
                0x0000000020000028        0x8 ./Core/Src/ssd1306_fonts.o
                0x0000000020000028                Font_11x18
 .data.SystemCoreClock
                0x0000000020000030        0x4 ./Core/Src/system_stm32f1xx.o
                0x0000000020000030                SystemCoreClock
 .data.uwTickPrio
                0x0000000020000034        0x4 ./Drivers/STM32F1xx_HAL_Driver/Src/stm32f1xx_hal.o
                0x0000000020000034                uwTickPrio
 .data.uwTickFreq
                0x0000000020000038        0x1 ./Drivers/STM32F1xx_HAL_Driver/Src/stm32f1xx_hal.o
                0x0000000020000038                uwTickFreq
 *fill*         0x0000000020000039        0x3 
 .data.USBD_CDC_DeviceQualifierDesc
                0x000000002000003c        0xa ./Middlewares/ST/STM32_USB_Device_Library/Class/CDC/Src/usbd_cdc.o
 *fill*         0x0000000020000046        0x2 
 .data.USBD_CDC
                0x0000000020000048       0x38 ./Middlewares/ST/STM32_USB_Device_Library/Class/CDC/Src/usbd_cdc.o
                0x0000000020000048                USBD_CDC
 .data.USBD_CDC_CfgHSDesc
                0x0000000020000080       0x43 ./Middlewares/ST/STM32_USB_Device_Library/Class/CDC/Src/usbd_cdc.o
                0x0000000020000080                USBD_CDC_CfgHSDesc
 *fill*         0x00000000200000c3        0x1 
 .data.USBD_CDC_CfgFSDesc
                0x00000000200000c4       0x43 ./Middlewares/ST/STM32_USB_Device_Library/Class/CDC/Src/usbd_cdc.o
                0x00000000200000c4                USBD_CDC_CfgFSDesc
 *fill*         0x0000000020000107        0x1 
 .data.USBD_CDC_OtherSpeedCfgDesc
                0x0000000020000108       0x43 ./Middlewares/ST/STM32_USB_Device_Library/Class/CDC/Src/usbd_cdc.o
                0x0000000020000108                USBD_CDC_OtherSpeedCfgDesc
 *fill*         0x000000002000014b        0x1 
 .data.USBD_Interface_fops_FS
                0x000000002000014c       0x10 ./USB_DEVICE/App/usbd_cdc_if.o
                0x000000002000014c                USBD_Interface_fops_FS
 .data.FS_Desc  0x000000002000015c       0x1c ./USB_DEVICE/App/usbd_desc.o
                0x000000002000015c                FS_Desc
 .data.USBD_FS_DeviceDesc
                0x0000000020000178       0x12 ./USB_DEVICE/App/usbd_desc.o
                0x0000000020000178                USBD_FS_DeviceDesc
 *fill*         0x000000002000018a        0x2 
 .data.USBD_LangIDDesc
                0x000000002000018c        0x4 ./USB_DEVICE/App/usbd_desc.o
                0x000000002000018c                USBD_LangIDDesc
 .data.USBD_StringSerial
                0x0000000020000190       0x1a ./USB_DEVICE/App/usbd_desc.o
                0x0000000020000190                USBD_StringSerial
 *fill*         0x00000000200001aa        0x6 
 .data.impure_data
                0x00000000200001b0      0x428 c:/st/stm32cubeide_1.12.0/stm32cubeide/plugins/com.st.stm32cube.ide.mcu.externaltools.gnu-tools-for-stm32.10.3-2021.10.win32_1.0.200.202301161003/tools/bin/../lib/gcc/arm-none-eabi/10.3.1/../../../../arm-none-eabi/lib/thumb/v7-m/nofp\libc.a(lib_a-impure.o)
 .data.__atexit_recursive_mutex
                0x00000000200005d8        0x4 c:/st/stm32cubeide_1.12.0/stm32cubeide/plugins/com.st.stm32cube.ide.mcu.externaltools.gnu-tools-for-stm32.10.3-2021.10.win32_1.0.200.202301161003/tools/bin/../lib/gcc/arm-none-eabi/10.3.1/../../../../arm-none-eabi/lib/thumb/v7-m/nofp\libc.a(lib_a-__call_atexit.o)
                0x00000000200005d8                __atexit_recursive_mutex
 *(.RamFunc)
 *(.RamFunc*)
                0x00000000200005dc                . = ALIGN (0x4)
                0x00000000200005dc                _edata = .

.igot.plt       0x00000000200005dc        0x0 load address 0x000000000800d0dc
 .igot.plt      0x00000000200005dc        0x0 c:/st/stm32cubeide_1.12.0/stm32cubeide/plugins/com.st.stm32cube.ide.mcu.externaltools.gnu-tools-for-stm32.10.3-2021.10.win32_1.0.200.202301161003/tools/bin/../lib/gcc/arm-none-eabi/10.3.1/thumb/v7-m/nofp/crtbegin.o
                0x00000000200005dc                . = ALIGN (0x4)

.bss            0x00000000200005dc     0x17a4 load address 0x000000000800d0dc
                0x00000000200005dc                _sbss = .
                0x00000000200005dc                __bss_start__ = _sbss
 *(.bss)
 .bss           0x00000000200005dc       0x1c c:/st/stm32cubeide_1.12.0/stm32cubeide/plugins/com.st.stm32cube.ide.mcu.externaltools.gnu-tools-for-stm32.10.3-2021.10.win32_1.0.200.202301161003/tools/bin/../lib/gcc/arm-none-eabi/10.3.1/thumb/v7-m/nofp/crtbegin.o
 *(.bss*)
 .bss.PROM_COEF
                0x00000000200005f8        0xe ./Core/Src/MS5637.o
                0x00000000200005f8                PROM_COEF
 .bss.ERROR_FLAG
                0x0000000020000606        0x1 ./Core/Src/MS5637.o
                0x0000000020000606                ERROR_FLAG
 *fill*         0x0000000020000607        0x1 
 .bss.GLOBAL_dT
                0x0000000020000608        0x4 ./Core/Src/MS5637.o
                0x0000000020000608                GLOBAL_dT
 .bss.UI_ERROR_FLAG
                0x000000002000060c        0x1 ./Core/Src/custom_UI.o
                0x000000002000060c                UI_ERROR_FLAG
 *fill*         0x000000002000060d        0x3 
 .bss.hi2c1     0x0000000020000610       0x54 ./Core/Src/main.o
                0x0000000020000610                hi2c1
 .bss.hi2c2     0x0000000020000664       0x54 ./Core/Src/main.o
                0x0000000020000664                hi2c2
 .bss.htim2     0x00000000200006b8       0x48 ./Core/Src/main.o
                0x00000000200006b8                htim2
 .bss.htim3     0x0000000020000700       0x48 ./Core/Src/main.o
                0x0000000020000700                htim3
 .bss.huart2    0x0000000020000748       0x48 ./Core/Src/main.o
                0x0000000020000748                huart2
 .bss.current_state
                0x0000000020000790        0x1 ./Core/Src/main.o
                0x0000000020000790                current_state
 .bss.previous_state
                0x0000000020000791        0x1 ./Core/Src/main.o
                0x0000000020000791                previous_state
 .bss.D1_RES_INDEX
                0x0000000020000792        0x1 ./Core/Src/main.o
                0x0000000020000792                D1_RES_INDEX
 .bss.D2_RES_INDEX
                0x0000000020000793        0x1 ./Core/Src/main.o
                0x0000000020000793                D2_RES_INDEX
 .bss.mean_pressure
                0x0000000020000794        0x4 ./Core/Src/main.o
                0x0000000020000794                mean_pressure
 .bss.SSD1306_Buffer
                0x0000000020000798      0x400 ./Core/Src/ssd1306.o
 .bss.SSD1306   0x0000000020000b98        0x6 ./Core/Src/ssd1306.o
 *fill*         0x0000000020000b9e        0x2 
 .bss.uwTick    0x0000000020000ba0        0x4 ./Drivers/STM32F1xx_HAL_Driver/Src/stm32f1xx_hal.o
                0x0000000020000ba0                uwTick
 .bss.cfgidx.0  0x0000000020000ba4        0x1 ./Middlewares/ST/STM32_USB_Device_Library/Core/Src/usbd_ctlreq.o
 *fill*         0x0000000020000ba5        0x3 
 .bss.hUsbDeviceFS
                0x0000000020000ba8      0x2c4 ./USB_DEVICE/App/usb_device.o
                0x0000000020000ba8                hUsbDeviceFS
 .bss.UserRxBufferFS
                0x0000000020000e6c      0x400 ./USB_DEVICE/App/usbd_cdc_if.o
                0x0000000020000e6c                UserRxBufferFS
 .bss.UserTxBufferFS
                0x000000002000126c      0x400 ./USB_DEVICE/App/usbd_cdc_if.o
                0x000000002000126c                UserTxBufferFS
 .bss.USBD_StrDesc
                0x000000002000166c      0x200 ./USB_DEVICE/App/usbd_desc.o
                0x000000002000166c                USBD_StrDesc
 .bss.hpcd_USB_FS
                0x000000002000186c      0x2f0 ./USB_DEVICE/Target/usbd_conf.o
                0x000000002000186c                hpcd_USB_FS
 .bss.mem.0     0x0000000020001b5c      0x220 ./USB_DEVICE/Target/usbd_conf.o
 .bss.__lock___atexit_recursive_mutex
                0x0000000020001d7c        0x1 c:/st/stm32cubeide_1.12.0/stm32cubeide/plugins/com.st.stm32cube.ide.mcu.externaltools.gnu-tools-for-stm32.10.3-2021.10.win32_1.0.200.202301161003/tools/bin/../lib/gcc/arm-none-eabi/10.3.1/../../../../arm-none-eabi/lib/thumb/v7-m/nofp\libc.a(lib_a-lock.o)
                0x0000000020001d7c                __lock___atexit_recursive_mutex
 *(COMMON)
                0x0000000020001d80                . = ALIGN (0x4)
 *fill*         0x0000000020001d7d        0x3 
                0x0000000020001d80                _ebss = .
                0x0000000020001d80                __bss_end__ = _ebss

._user_heap_stack
                0x0000000020001d80      0x600 load address 0x000000000800d0dc
                0x0000000020001d80                . = ALIGN (0x8)
                [!provide]                        PROVIDE (end = .)
                0x0000000020001d80                PROVIDE (_end = .)
                0x0000000020001f80                . = (. + _Min_Heap_Size)
 *fill*         0x0000000020001d80      0x200 
                0x0000000020002380                . = (. + _Min_Stack_Size)
 *fill*         0x0000000020001f80      0x400 
                0x0000000020002380                . = ALIGN (0x8)

/DISCARD/
 libc.a(*)
 libm.a(*)
 libgcc.a(*)

.ARM.attributes
                0x0000000000000000       0x29
 *(.ARM.attributes)
 .ARM.attributes
                0x0000000000000000       0x1d c:/st/stm32cubeide_1.12.0/stm32cubeide/plugins/com.st.stm32cube.ide.mcu.externaltools.gnu-tools-for-stm32.10.3-2021.10.win32_1.0.200.202301161003/tools/bin/../lib/gcc/arm-none-eabi/10.3.1/thumb/v7-m/nofp/crti.o
 .ARM.attributes
                0x000000000000001d       0x2d c:/st/stm32cubeide_1.12.0/stm32cubeide/plugins/com.st.stm32cube.ide.mcu.externaltools.gnu-tools-for-stm32.10.3-2021.10.win32_1.0.200.202301161003/tools/bin/../lib/gcc/arm-none-eabi/10.3.1/thumb/v7-m/nofp/crtbegin.o
 .ARM.attributes
                0x000000000000004a       0x2d ./Core/Src/MS5637.o
 .ARM.attributes
                0x0000000000000077       0x2d ./Core/Src/custom_UI.o
 .ARM.attributes
                0x00000000000000a4       0x2d ./Core/Src/main.o
 .ARM.attributes
                0x00000000000000d1       0x2d ./Core/Src/ssd1306.o
 .ARM.attributes
                0x00000000000000fe       0x2d ./Core/Src/ssd1306_fonts.o
 .ARM.attributes
                0x000000000000012b       0x2d ./Core/Src/stm32f1xx_hal_msp.o
 .ARM.attributes
                0x0000000000000158       0x2d ./Core/Src/stm32f1xx_it.o
 .ARM.attributes
                0x0000000000000185       0x2d ./Core/Src/system_stm32f1xx.o
 .ARM.attributes
                0x00000000000001b2       0x21 ./Core/Startup/startup_stm32f103c8tx.o
 .ARM.attributes
                0x00000000000001d3       0x2d ./Drivers/STM32F1xx_HAL_Driver/Src/stm32f1xx_hal.o
 .ARM.attributes
                0x0000000000000200       0x2d ./Drivers/STM32F1xx_HAL_Driver/Src/stm32f1xx_hal_cortex.o
 .ARM.attributes
                0x000000000000022d       0x2d ./Drivers/STM32F1xx_HAL_Driver/Src/stm32f1xx_hal_gpio.o
 .ARM.attributes
                0x000000000000025a       0x2d ./Drivers/STM32F1xx_HAL_Driver/Src/stm32f1xx_hal_i2c.o
 .ARM.attributes
                0x0000000000000287       0x2d ./Drivers/STM32F1xx_HAL_Driver/Src/stm32f1xx_hal_pcd.o
 .ARM.attributes
                0x00000000000002b4       0x2d ./Drivers/STM32F1xx_HAL_Driver/Src/stm32f1xx_hal_pcd_ex.o
 .ARM.attributes
                0x00000000000002e1       0x2d ./Drivers/STM32F1xx_HAL_Driver/Src/stm32f1xx_hal_rcc.o
 .ARM.attributes
                0x000000000000030e       0x2d ./Drivers/STM32F1xx_HAL_Driver/Src/stm32f1xx_hal_rcc_ex.o
 .ARM.attributes
                0x000000000000033b       0x2d ./Drivers/STM32F1xx_HAL_Driver/Src/stm32f1xx_hal_tim.o
 .ARM.attributes
                0x0000000000000368       0x2d ./Drivers/STM32F1xx_HAL_Driver/Src/stm32f1xx_hal_tim_ex.o
 .ARM.attributes
                0x0000000000000395       0x2d ./Drivers/STM32F1xx_HAL_Driver/Src/stm32f1xx_hal_uart.o
 .ARM.attributes
                0x00000000000003c2       0x2d ./Drivers/STM32F1xx_HAL_Driver/Src/stm32f1xx_ll_usb.o
 .ARM.attributes
                0x00000000000003ef       0x2d ./Middlewares/ST/STM32_USB_Device_Library/Class/CDC/Src/usbd_cdc.o
 .ARM.attributes
                0x000000000000041c       0x2d ./Middlewares/ST/STM32_USB_Device_Library/Core/Src/usbd_core.o
 .ARM.attributes
                0x0000000000000449       0x2d ./Middlewares/ST/STM32_USB_Device_Library/Core/Src/usbd_ctlreq.o
 .ARM.attributes
                0x0000000000000476       0x2d ./Middlewares/ST/STM32_USB_Device_Library/Core/Src/usbd_ioreq.o
 .ARM.attributes
                0x00000000000004a3       0x2d ./USB_DEVICE/App/usb_device.o
 .ARM.attributes
                0x00000000000004d0       0x2d ./USB_DEVICE/App/usbd_cdc_if.o
 .ARM.attributes
                0x00000000000004fd       0x2d ./USB_DEVICE/App/usbd_desc.o
 .ARM.attributes
                0x000000000000052a       0x2d ./USB_DEVICE/Target/usbd_conf.o
 .ARM.attributes
                0x0000000000000557       0x2d c:/st/stm32cubeide_1.12.0/stm32cubeide/plugins/com.st.stm32cube.ide.mcu.externaltools.gnu-tools-for-stm32.10.3-2021.10.win32_1.0.200.202301161003/tools/bin/../lib/gcc/arm-none-eabi/10.3.1/../../../../arm-none-eabi/lib/thumb/v7-m/nofp\libc.a(lib_a-impure.o)
 .ARM.attributes
                0x0000000000000584       0x2d c:/st/stm32cubeide_1.12.0/stm32cubeide/plugins/com.st.stm32cube.ide.mcu.externaltools.gnu-tools-for-stm32.10.3-2021.10.win32_1.0.200.202301161003/tools/bin/../lib/gcc/arm-none-eabi/10.3.1/../../../../arm-none-eabi/lib/thumb/v7-m/nofp\libc.a(lib_a-init.o)
 .ARM.attributes
                0x00000000000005b1       0x2d c:/st/stm32cubeide_1.12.0/stm32cubeide/plugins/com.st.stm32cube.ide.mcu.externaltools.gnu-tools-for-stm32.10.3-2021.10.win32_1.0.200.202301161003/tools/bin/../lib/gcc/arm-none-eabi/10.3.1/../../../../arm-none-eabi/lib/thumb/v7-m/nofp\libc.a(lib_a-itoa.o)
 .ARM.attributes
                0x00000000000005de       0x2d c:/st/stm32cubeide_1.12.0/stm32cubeide/plugins/com.st.stm32cube.ide.mcu.externaltools.gnu-tools-for-stm32.10.3-2021.10.win32_1.0.200.202301161003/tools/bin/../lib/gcc/arm-none-eabi/10.3.1/../../../../arm-none-eabi/lib/thumb/v7-m/nofp\libc.a(lib_a-memcpy-stub.o)
 .ARM.attributes
                0x000000000000060b       0x2d c:/st/stm32cubeide_1.12.0/stm32cubeide/plugins/com.st.stm32cube.ide.mcu.externaltools.gnu-tools-for-stm32.10.3-2021.10.win32_1.0.200.202301161003/tools/bin/../lib/gcc/arm-none-eabi/10.3.1/../../../../arm-none-eabi/lib/thumb/v7-m/nofp\libc.a(lib_a-memset.o)
 .ARM.attributes
                0x0000000000000638       0x2d c:/st/stm32cubeide_1.12.0/stm32cubeide/plugins/com.st.stm32cube.ide.mcu.externaltools.gnu-tools-for-stm32.10.3-2021.10.win32_1.0.200.202301161003/tools/bin/../lib/gcc/arm-none-eabi/10.3.1/../../../../arm-none-eabi/lib/thumb/v7-m/nofp\libc.a(lib_a-utoa.o)
 .ARM.attributes
                0x0000000000000665       0x2d c:/st/stm32cubeide_1.12.0/stm32cubeide/plugins/com.st.stm32cube.ide.mcu.externaltools.gnu-tools-for-stm32.10.3-2021.10.win32_1.0.200.202301161003/tools/bin/../lib/gcc/arm-none-eabi/10.3.1/../../../../arm-none-eabi/lib/thumb/v7-m/nofp\libc.a(lib_a-__call_atexit.o)
 .ARM.attributes
                0x0000000000000692       0x2d c:/st/stm32cubeide_1.12.0/stm32cubeide/plugins/com.st.stm32cube.ide.mcu.externaltools.gnu-tools-for-stm32.10.3-2021.10.win32_1.0.200.202301161003/tools/bin/../lib/gcc/arm-none-eabi/10.3.1/../../../../arm-none-eabi/lib/thumb/v7-m/nofp\libc.a(lib_a-atexit.o)
 .ARM.attributes
                0x00000000000006bf       0x2d c:/st/stm32cubeide_1.12.0/stm32cubeide/plugins/com.st.stm32cube.ide.mcu.externaltools.gnu-tools-for-stm32.10.3-2021.10.win32_1.0.200.202301161003/tools/bin/../lib/gcc/arm-none-eabi/10.3.1/../../../../arm-none-eabi/lib/thumb/v7-m/nofp\libc.a(lib_a-fini.o)
 .ARM.attributes
                0x00000000000006ec       0x2d c:/st/stm32cubeide_1.12.0/stm32cubeide/plugins/com.st.stm32cube.ide.mcu.externaltools.gnu-tools-for-stm32.10.3-2021.10.win32_1.0.200.202301161003/tools/bin/../lib/gcc/arm-none-eabi/10.3.1/../../../../arm-none-eabi/lib/thumb/v7-m/nofp\libc.a(lib_a-lock.o)
 .ARM.attributes
                0x0000000000000719       0x2d c:/st/stm32cubeide_1.12.0/stm32cubeide/plugins/com.st.stm32cube.ide.mcu.externaltools.gnu-tools-for-stm32.10.3-2021.10.win32_1.0.200.202301161003/tools/bin/../lib/gcc/arm-none-eabi/10.3.1/../../../../arm-none-eabi/lib/thumb/v7-m/nofp\libc.a(lib_a-__atexit.o)
 .ARM.attributes
                0x0000000000000746       0x1d c:/st/stm32cubeide_1.12.0/stm32cubeide/plugins/com.st.stm32cube.ide.mcu.externaltools.gnu-tools-for-stm32.10.3-2021.10.win32_1.0.200.202301161003/tools/bin/../lib/gcc/arm-none-eabi/10.3.1/thumb/v7-m/nofp/crtn.o
OUTPUT(STM32F103_bluepill.elf elf32-littlearm)
LOAD linker stubs
LOAD c:/st/stm32cubeide_1.12.0/stm32cubeide/plugins/com.st.stm32cube.ide.mcu.externaltools.gnu-tools-for-stm32.10.3-2021.10.win32_1.0.200.202301161003/tools/bin/../lib/gcc/arm-none-eabi/10.3.1/../../../../arm-none-eabi/lib/thumb/v7-m/nofp\libc.a
LOAD c:/st/stm32cubeide_1.12.0/stm32cubeide/plugins/com.st.stm32cube.ide.mcu.externaltools.gnu-tools-for-stm32.10.3-2021.10.win32_1.0.200.202301161003/tools/bin/../lib/gcc/arm-none-eabi/10.3.1/../../../../arm-none-eabi/lib/thumb/v7-m/nofp\libm.a
LOAD c:/st/stm32cubeide_1.12.0/stm32cubeide/plugins/com.st.stm32cube.ide.mcu.externaltools.gnu-tools-for-stm32.10.3-2021.10.win32_1.0.200.202301161003/tools/bin/../lib/gcc/arm-none-eabi/10.3.1/thumb/v7-m/nofp\libgcc.a

.debug_info     0x0000000000000000    0x1b420
 .debug_info    0x0000000000000000     0x105f ./Core/Src/MS5637.o
 .debug_info    0x000000000000105f      0x7e4 ./Core/Src/custom_UI.o
 .debug_info    0x0000000000001843     0x17ad ./Core/Src/main.o
 .debug_info    0x0000000000002ff0     0x1251 ./Core/Src/ssd1306.o
 .debug_info    0x0000000000004241      0x236 ./Core/Src/ssd1306_fonts.o
 .debug_info    0x0000000000004477     0x10bb ./Core/Src/stm32f1xx_hal_msp.o
 .debug_info    0x0000000000005532      0xc2f ./Core/Src/stm32f1xx_it.o
 .debug_info    0x0000000000006161      0x23d ./Core/Src/system_stm32f1xx.o
 .debug_info    0x000000000000639e       0x22 ./Core/Startup/startup_stm32f103c8tx.o
 .debug_info    0x00000000000063c0      0x734 ./Drivers/STM32F1xx_HAL_Driver/Src/stm32f1xx_hal.o
 .debug_info    0x0000000000006af4      0xb20 ./Drivers/STM32F1xx_HAL_Driver/Src/stm32f1xx_hal_cortex.o
 .debug_info    0x0000000000007614      0x615 ./Drivers/STM32F1xx_HAL_Driver/Src/stm32f1xx_hal_gpio.o
 .debug_info    0x0000000000007c29     0x2761 ./Drivers/STM32F1xx_HAL_Driver/Src/stm32f1xx_hal_i2c.o
 .debug_info    0x000000000000a38a     0x182e ./Drivers/STM32F1xx_HAL_Driver/Src/stm32f1xx_hal_pcd.o
 .debug_info    0x000000000000bbb8      0x71a ./Drivers/STM32F1xx_HAL_Driver/Src/stm32f1xx_hal_pcd_ex.o
 .debug_info    0x000000000000c2d2      0x865 ./Drivers/STM32F1xx_HAL_Driver/Src/stm32f1xx_hal_rcc.o
 .debug_info    0x000000000000cb37      0x3e6 ./Drivers/STM32F1xx_HAL_Driver/Src/stm32f1xx_hal_rcc_ex.o
 .debug_info    0x000000000000cf1d     0x2bab ./Drivers/STM32F1xx_HAL_Driver/Src/stm32f1xx_hal_tim.o
 .debug_info    0x000000000000fac8     0x15c7 ./Drivers/STM32F1xx_HAL_Driver/Src/stm32f1xx_hal_tim_ex.o
 .debug_info    0x000000000001108f     0x31b2 ./Drivers/STM32F1xx_HAL_Driver/Src/stm32f1xx_hal_uart.o
 .debug_info    0x0000000000014241     0x18d8 ./Drivers/STM32F1xx_HAL_Driver/Src/stm32f1xx_ll_usb.o
 .debug_info    0x0000000000015b19     0x10e3 ./Middlewares/ST/STM32_USB_Device_Library/Class/CDC/Src/usbd_cdc.o
 .debug_info    0x0000000000016bfc      0xb02 ./Middlewares/ST/STM32_USB_Device_Library/Core/Src/usbd_core.o
 .debug_info    0x00000000000176fe      0x9b6 ./Middlewares/ST/STM32_USB_Device_Library/Core/Src/usbd_ctlreq.o
 .debug_info    0x00000000000180b4      0x715 ./Middlewares/ST/STM32_USB_Device_Library/Core/Src/usbd_ioreq.o
 .debug_info    0x00000000000187c9      0x679 ./USB_DEVICE/App/usb_device.o
 .debug_info    0x0000000000018e42      0x828 ./USB_DEVICE/App/usbd_cdc_if.o
 .debug_info    0x000000000001966a      0x484 ./USB_DEVICE/App/usbd_desc.o
 .debug_info    0x0000000000019aee     0x1932 ./USB_DEVICE/Target/usbd_conf.o

.debug_abbrev   0x0000000000000000     0x3dfd
 .debug_abbrev  0x0000000000000000      0x2cd ./Core/Src/MS5637.o
 .debug_abbrev  0x00000000000002cd      0x1e1 ./Core/Src/custom_UI.o
 .debug_abbrev  0x00000000000004ae      0x34c ./Core/Src/main.o
 .debug_abbrev  0x00000000000007fa      0x34f ./Core/Src/ssd1306.o
 .debug_abbrev  0x0000000000000b49       0xbe ./Core/Src/ssd1306_fonts.o
 .debug_abbrev  0x0000000000000c07      0x20a ./Core/Src/stm32f1xx_hal_msp.o
 .debug_abbrev  0x0000000000000e11      0x1e4 ./Core/Src/stm32f1xx_it.o
 .debug_abbrev  0x0000000000000ff5      0x13b ./Core/Src/system_stm32f1xx.o
 .debug_abbrev  0x0000000000001130       0x12 ./Core/Startup/startup_stm32f103c8tx.o
 .debug_abbrev  0x0000000000001142      0x1fb ./Drivers/STM32F1xx_HAL_Driver/Src/stm32f1xx_hal.o
 .debug_abbrev  0x000000000000133d      0x2ed ./Drivers/STM32F1xx_HAL_Driver/Src/stm32f1xx_hal_cortex.o
 .debug_abbrev  0x000000000000162a      0x1bb ./Drivers/STM32F1xx_HAL_Driver/Src/stm32f1xx_hal_gpio.o
 .debug_abbrev  0x00000000000017e5      0x288 ./Drivers/STM32F1xx_HAL_Driver/Src/stm32f1xx_hal_i2c.o
 .debug_abbrev  0x0000000000001a6d      0x2c0 ./Drivers/STM32F1xx_HAL_Driver/Src/stm32f1xx_hal_pcd.o
 .debug_abbrev  0x0000000000001d2d      0x17f ./Drivers/STM32F1xx_HAL_Driver/Src/stm32f1xx_hal_pcd_ex.o
 .debug_abbrev  0x0000000000001eac      0x2a8 ./Drivers/STM32F1xx_HAL_Driver/Src/stm32f1xx_hal_rcc.o
 .debug_abbrev  0x0000000000002154      0x182 ./Drivers/STM32F1xx_HAL_Driver/Src/stm32f1xx_hal_rcc_ex.o
 .debug_abbrev  0x00000000000022d6      0x264 ./Drivers/STM32F1xx_HAL_Driver/Src/stm32f1xx_hal_tim.o
 .debug_abbrev  0x000000000000253a      0x26c ./Drivers/STM32F1xx_HAL_Driver/Src/stm32f1xx_hal_tim_ex.o
 .debug_abbrev  0x00000000000027a6      0x2df ./Drivers/STM32F1xx_HAL_Driver/Src/stm32f1xx_hal_uart.o
 .debug_abbrev  0x0000000000002a85      0x1d4 ./Drivers/STM32F1xx_HAL_Driver/Src/stm32f1xx_ll_usb.o
 .debug_abbrev  0x0000000000002c59      0x2c0 ./Middlewares/ST/STM32_USB_Device_Library/Class/CDC/Src/usbd_cdc.o
 .debug_abbrev  0x0000000000002f19      0x236 ./Middlewares/ST/STM32_USB_Device_Library/Core/Src/usbd_core.o
 .debug_abbrev  0x000000000000314f      0x257 ./Middlewares/ST/STM32_USB_Device_Library/Core/Src/usbd_ctlreq.o
 .debug_abbrev  0x00000000000033a6      0x183 ./Middlewares/ST/STM32_USB_Device_Library/Core/Src/usbd_ioreq.o
 .debug_abbrev  0x0000000000003529      0x183 ./USB_DEVICE/App/usb_device.o
 .debug_abbrev  0x00000000000036ac      0x252 ./USB_DEVICE/App/usbd_cdc_if.o
 .debug_abbrev  0x00000000000038fe      0x1fa ./USB_DEVICE/App/usbd_desc.o
 .debug_abbrev  0x0000000000003af8      0x305 ./USB_DEVICE/Target/usbd_conf.o

.debug_aranges  0x0000000000000000     0x16b8
 .debug_aranges
                0x0000000000000000       0x88 ./Core/Src/MS5637.o
 .debug_aranges
                0x0000000000000088       0x58 ./Core/Src/custom_UI.o
 .debug_aranges
                0x00000000000000e0       0x70 ./Core/Src/main.o
 .debug_aranges
                0x0000000000000150       0xe0 ./Core/Src/ssd1306.o
 .debug_aranges
                0x0000000000000230       0x18 ./Core/Src/ssd1306_fonts.o
 .debug_aranges
                0x0000000000000248       0x50 ./Core/Src/stm32f1xx_hal_msp.o
 .debug_aranges
                0x0000000000000298       0x88 ./Core/Src/stm32f1xx_it.o
 .debug_aranges
                0x0000000000000320       0x28 ./Core/Src/system_stm32f1xx.o
 .debug_aranges
                0x0000000000000348       0x28 ./Core/Startup/startup_stm32f103c8tx.o
 .debug_aranges
                0x0000000000000370       0xe0 ./Drivers/STM32F1xx_HAL_Driver/Src/stm32f1xx_hal.o
 .debug_aranges
                0x0000000000000450      0x100 ./Drivers/STM32F1xx_HAL_Driver/Src/stm32f1xx_hal_cortex.o
 .debug_aranges
                0x0000000000000550       0x58 ./Drivers/STM32F1xx_HAL_Driver/Src/stm32f1xx_hal_gpio.o
 .debug_aranges
                0x00000000000005a8      0x2a8 ./Drivers/STM32F1xx_HAL_Driver/Src/stm32f1xx_hal_i2c.o
 .debug_aranges
                0x0000000000000850      0x140 ./Drivers/STM32F1xx_HAL_Driver/Src/stm32f1xx_hal_pcd.o
 .debug_aranges
                0x0000000000000990       0x38 ./Drivers/STM32F1xx_HAL_Driver/Src/stm32f1xx_hal_pcd_ex.o
 .debug_aranges
                0x00000000000009c8       0x90 ./Drivers/STM32F1xx_HAL_Driver/Src/stm32f1xx_hal_rcc.o
 .debug_aranges
                0x0000000000000a58       0x30 ./Drivers/STM32F1xx_HAL_Driver/Src/stm32f1xx_hal_rcc_ex.o
 .debug_aranges
                0x0000000000000a88      0x3d0 ./Drivers/STM32F1xx_HAL_Driver/Src/stm32f1xx_hal_tim.o
 .debug_aranges
                0x0000000000000e58      0x168 ./Drivers/STM32F1xx_HAL_Driver/Src/stm32f1xx_hal_tim_ex.o
 .debug_aranges
                0x0000000000000fc0      0x208 ./Drivers/STM32F1xx_HAL_Driver/Src/stm32f1xx_hal_uart.o
 .debug_aranges
                0x00000000000011c8       0xf8 ./Drivers/STM32F1xx_HAL_Driver/Src/stm32f1xx_ll_usb.o
 .debug_aranges
                0x00000000000012c0       0x90 ./Middlewares/ST/STM32_USB_Device_Library/Class/CDC/Src/usbd_cdc.o
 .debug_aranges
                0x0000000000001350       0xb8 ./Middlewares/ST/STM32_USB_Device_Library/Core/Src/usbd_core.o
 .debug_aranges
                0x0000000000001408       0x88 ./Middlewares/ST/STM32_USB_Device_Library/Core/Src/usbd_ctlreq.o
 .debug_aranges
                0x0000000000001490       0x50 ./Middlewares/ST/STM32_USB_Device_Library/Core/Src/usbd_ioreq.o
 .debug_aranges
                0x00000000000014e0       0x20 ./USB_DEVICE/App/usb_device.o
 .debug_aranges
                0x0000000000001500       0x40 ./USB_DEVICE/App/usbd_cdc_if.o
 .debug_aranges
                0x0000000000001540       0x60 ./USB_DEVICE/App/usbd_desc.o
 .debug_aranges
                0x00000000000015a0      0x118 ./USB_DEVICE/Target/usbd_conf.o

.debug_ranges   0x0000000000000000     0x1530
 .debug_ranges  0x0000000000000000       0x78 ./Core/Src/MS5637.o
 .debug_ranges  0x0000000000000078       0x48 ./Core/Src/custom_UI.o
 .debug_ranges  0x00000000000000c0       0x60 ./Core/Src/main.o
 .debug_ranges  0x0000000000000120       0xd0 ./Core/Src/ssd1306.o
 .debug_ranges  0x00000000000001f0       0x40 ./Core/Src/stm32f1xx_hal_msp.o
 .debug_ranges  0x0000000000000230       0x78 ./Core/Src/stm32f1xx_it.o
 .debug_ranges  0x00000000000002a8       0x18 ./Core/Src/system_stm32f1xx.o
 .debug_ranges  0x00000000000002c0       0x20 ./Core/Startup/startup_stm32f103c8tx.o
 .debug_ranges  0x00000000000002e0       0xd0 ./Drivers/STM32F1xx_HAL_Driver/Src/stm32f1xx_hal.o
 .debug_ranges  0x00000000000003b0       0xf0 ./Drivers/STM32F1xx_HAL_Driver/Src/stm32f1xx_hal_cortex.o
 .debug_ranges  0x00000000000004a0       0x48 ./Drivers/STM32F1xx_HAL_Driver/Src/stm32f1xx_hal_gpio.o
 .debug_ranges  0x00000000000004e8      0x2b0 ./Drivers/STM32F1xx_HAL_Driver/Src/stm32f1xx_hal_i2c.o
 .debug_ranges  0x0000000000000798      0x130 ./Drivers/STM32F1xx_HAL_Driver/Src/stm32f1xx_hal_pcd.o
 .debug_ranges  0x00000000000008c8       0x28 ./Drivers/STM32F1xx_HAL_Driver/Src/stm32f1xx_hal_pcd_ex.o
 .debug_ranges  0x00000000000008f0       0x80 ./Drivers/STM32F1xx_HAL_Driver/Src/stm32f1xx_hal_rcc.o
 .debug_ranges  0x0000000000000970       0x20 ./Drivers/STM32F1xx_HAL_Driver/Src/stm32f1xx_hal_rcc_ex.o
 .debug_ranges  0x0000000000000990      0x3c0 ./Drivers/STM32F1xx_HAL_Driver/Src/stm32f1xx_hal_tim.o
 .debug_ranges  0x0000000000000d50      0x158 ./Drivers/STM32F1xx_HAL_Driver/Src/stm32f1xx_hal_tim_ex.o
 .debug_ranges  0x0000000000000ea8      0x228 ./Drivers/STM32F1xx_HAL_Driver/Src/stm32f1xx_hal_uart.o
 .debug_ranges  0x00000000000010d0       0xe8 ./Drivers/STM32F1xx_HAL_Driver/Src/stm32f1xx_ll_usb.o
 .debug_ranges  0x00000000000011b8       0x80 ./Middlewares/ST/STM32_USB_Device_Library/Class/CDC/Src/usbd_cdc.o
 .debug_ranges  0x0000000000001238       0xa8 ./Middlewares/ST/STM32_USB_Device_Library/Core/Src/usbd_core.o
 .debug_ranges  0x00000000000012e0       0x78 ./Middlewares/ST/STM32_USB_Device_Library/Core/Src/usbd_ctlreq.o
 .debug_ranges  0x0000000000001358       0x40 ./Middlewares/ST/STM32_USB_Device_Library/Core/Src/usbd_ioreq.o
 .debug_ranges  0x0000000000001398       0x10 ./USB_DEVICE/App/usb_device.o
 .debug_ranges  0x00000000000013a8       0x30 ./USB_DEVICE/App/usbd_cdc_if.o
 .debug_ranges  0x00000000000013d8       0x50 ./USB_DEVICE/App/usbd_desc.o
 .debug_ranges  0x0000000000001428      0x108 ./USB_DEVICE/Target/usbd_conf.o

.debug_macro    0x0000000000000000    0x1bfe6
 .debug_macro   0x0000000000000000      0x446 ./Core/Src/MS5637.o
 .debug_macro   0x0000000000000446      0xa6c ./Core/Src/MS5637.o
 .debug_macro   0x0000000000000eb2      0x227 ./Core/Src/MS5637.o
 .debug_macro   0x00000000000010d9       0x2e ./Core/Src/MS5637.o
 .debug_macro   0x0000000000001107       0x22 ./Core/Src/MS5637.o
 .debug_macro   0x0000000000001129       0x22 ./Core/Src/MS5637.o
 .debug_macro   0x000000000000114b       0x8e ./Core/Src/MS5637.o
 .debug_macro   0x00000000000011d9       0x51 ./Core/Src/MS5637.o
 .debug_macro   0x000000000000122a      0x103 ./Core/Src/MS5637.o
 .debug_macro   0x000000000000132d       0x6a ./Core/Src/MS5637.o
 .debug_macro   0x0000000000001397      0x1df ./Core/Src/MS5637.o
 .debug_macro   0x0000000000001576       0x1c ./Core/Src/MS5637.o
 .debug_macro   0x0000000000001592       0x22 ./Core/Src/MS5637.o
 .debug_macro   0x00000000000015b4       0xbd ./Core/Src/MS5637.o
 .debug_macro   0x0000000000001671      0xd23 ./Core/Src/MS5637.o
 .debug_macro   0x0000000000002394     0xe09e ./Core/Src/MS5637.o
 .debug_macro   0x0000000000010432       0x6d ./Core/Src/MS5637.o
 .debug_macro   0x000000000001049f     0x348d ./Core/Src/MS5637.o
 .debug_macro   0x000000000001392c      0x174 ./Core/Src/MS5637.o
 .debug_macro   0x0000000000013aa0       0x5c ./Core/Src/MS5637.o
 .debug_macro   0x0000000000013afc      0x5bc ./Core/Src/MS5637.o
 .debug_macro   0x00000000000140b8      0x289 ./Core/Src/MS5637.o
 .debug_macro   0x0000000000014341      0x1cb ./Core/Src/MS5637.o
 .debug_macro   0x000000000001450c      0x114 ./Core/Src/MS5637.o
 .debug_macro   0x0000000000014620      0x1b2 ./Core/Src/MS5637.o
 .debug_macro   0x00000000000147d2       0x27 ./Core/Src/MS5637.o
 .debug_macro   0x00000000000147f9      0x136 ./Core/Src/MS5637.o